{"timestamp":"2026-09-11T08:48:47.493268","level":"info","event":"DAG bundles loaded: dags-folder","logger":"airflow.dag_processing.bundles.manager.DagBundlesManager"}
{"timestamp":"2026-09-11T08:48:47.493725","level":"info","event":"Filling up the DagBag from /opt/airflow/dags/zomato_batch.py","logger":"airflow.models.dagbag.DagBag"}
{"timestamp":"2026-09-11T08:48:47.549313","level":"info","event":"Tmp dir root location: /tmp","logger":"airflow.task.hooks.airflow.providers.standard.hooks.subprocess.SubprocessHook"}
{"timestamp":"2026-09-11T08:48:47.549951","level":"info","event":"Running command: ['/usr/bin/bash', '-c', '/opt/airflow/dbt_venv/bin/dbt build --exclude tag:ai --project-dir /opt/airflow/dbt/zomato --profiles-dir /opt/airflow/dbt/zomato']","logger":"airflow.task.hooks.airflow.providers.standard.hooks.subprocess.SubprocessHook"}
{"timestamp":"2026-09-11T08:48:47.556376","level":"info","event":"Output:","logger":"airflow.task.hooks.airflow.providers.standard.hooks.subprocess.SubprocessHook"}
{"timestamp":"2026-09-11T08:48:49.099765","level":"info","event":"\u001b[0m08:48:49  Running with dbt=1.12.4","logger":"airflow.task.hooks.airflow.providers.standard.hooks.subprocess.SubprocessHook"}
{"timestamp":"2026-09-11T08:48:49.545462","level":"info","event":"\u001b[0m08:48:49  Registered adapter: snowflake=1.8.4","logger":"airflow.task.hooks.airflow.providers.standard.hooks.subprocess.SubprocessHook"}
{"timestamp":"2026-09-11T08:48:49.851895","level":"info","event":"\u001b[0m08:48:49  [\u001b[33mWARNING\u001b[0m]: Configuration paths exist in your dbt_project.yml file which do not apply to any resources.","logger":"airflow.task.hooks.airflow.providers.standard.hooks.subprocess.SubprocessHook"}
{"timestamp":"2026-09-11T08:48:49.852024","level":"info","event":"There are 1 unused configuration paths:","logger":"airflow.task.hooks.airflow.providers.standard.hooks.subprocess.SubprocessHook"}
{"timestamp":"2026-09-11T08:48:49.852062","level":"info","event":"- models.zomato.example","logger":"airflow.task.hooks.airflow.providers.standard.hooks.subprocess.SubprocessHook"}
{"timestamp":"2026-09-11T08:48:50.103407","level":"info","event":"\u001b[0m08:48:50  Found 17 models, 16 data tests, 8 sources, 506 macros","logger":"airflow.task.hooks.airflow.providers.standard.hooks.subprocess.SubprocessHook"}
{"timestamp":"2026-09-11T08:48:50.108677","level":"info","event":"\u001b[0m08:48:50","logger":"airflow.task.hooks.airflow.providers.standard.hooks.subprocess.SubprocessHook"}
{"timestamp":"2026-09-11T08:48:50.111001","level":"info","event":"\u001b[0m08:48:50  Concurrency: 8 threads (target='dev')","logger":"airflow.task.hooks.airflow.providers.standard.hooks.subprocess.SubprocessHook"}
{"timestamp":"2026-09-11T08:48:50.111766","level":"info","event":"\u001b[0m08:48:50","logger":"airflow.task.hooks.airflow.providers.standard.hooks.subprocess.SubprocessHook"}
{"timestamp":"2026-09-11T08:48:54.060716","level":"info","event":"\u001b[0m08:48:54  1 of 32 START sql view model STAGING.dim_date .................................. [RUN]","logger":"airflow.task.hooks.airflow.providers.standard.hooks.subprocess.SubprocessHook"}
{"timestamp":"2026-09-11T08:48:54.062953","level":"info","event":"\u001b[0m08:48:54  2 of 32 START sql view model STAGING.stg_food .................................. [RUN]","logger":"airflow.task.hooks.airflow.providers.standard.hooks.subprocess.SubprocessHook"}
{"timestamp":"2026-09-11T08:48:54.063601","level":"info","event":"\u001b[0m08:48:54  3 of 32 START sql view model STAGING.stg_menu .................................. [RUN]","logger":"airflow.task.hooks.airflow.providers.standard.hooks.subprocess.SubprocessHook"}
{"timestamp":"2026-09-11T08:48:54.064296","level":"info","event":"\u001b[0m08:48:54  5 of 32 START sql view model STAGING.stg_orders ................................ [RUN]","logger":"airflow.task.hooks.airflow.providers.standard.hooks.subprocess.SubprocessHook"}
{"timestamp":"2026-09-11T08:48:54.064975","level":"info","event":"\u001b[0m08:48:54  4 of 32 START sql view model STAGING.stg_order_items ........................... [RUN]","logger":"airflow.task.hooks.airflow.providers.standard.hooks.subprocess.SubprocessHook"}
{"timestamp":"2026-09-11T08:48:54.065694","level":"info","event":"\u001b[0m08:48:54  6 of 32 START sql view model STAGING.stg_restaurants ........................... [RUN]","logger":"airflow.task.hooks.airflow.providers.standard.hooks.subprocess.SubprocessHook"}
{"timestamp":"2026-09-11T08:48:54.067088","level":"info","event":"\u001b[0m08:48:54  7 of 32 START sql view model STAGING.stg_users ................................. [RUN]","logger":"airflow.task.hooks.airflow.providers.standard.hooks.subprocess.SubprocessHook"}
{"timestamp":"2026-09-11T08:48:55.843151","level":"info","event":"\u001b[0m08:48:55  3 of 32 OK created sql view model STAGING.stg_menu ............................. [\u001b[32mSUCCESS 1\u001b[0m in 1.77s]","logger":"airflow.task.hooks.airflow.providers.standard.hooks.subprocess.SubprocessHook"}
{"timestamp":"2026-09-11T08:48:55.843911","level":"info","event":"\u001b[0m08:48:55  1 of 32 OK created sql view model STAGING.dim_date ............................. [\u001b[32mSUCCESS 1\u001b[0m in 1.78s]","logger":"airflow.task.hooks.airflow.providers.standard.hooks.subprocess.SubprocessHook"}
{"timestamp":"2026-09-11T08:48:55.866909","level":"info","event":"\u001b[0m08:48:55  5 of 32 OK created sql view model STAGING.stg_orders ........................... [\u001b[32mSUCCESS 1\u001b[0m in 1.80s]","logger":"airflow.task.hooks.airflow.providers.standard.hooks.subprocess.SubprocessHook"}
{"timestamp":"2026-09-11T08:48:55.869549","level":"info","event":"\u001b[0m08:48:55  8 of 32 START test not_null_stg_orders_customer_id ............................. [RUN]","logger":"airflow.task.hooks.airflow.providers.standard.hooks.subprocess.SubprocessHook"}
{"timestamp":"2026-09-11T08:48:55.870673","level":"info","event":"\u001b[0m08:48:55  9 of 32 START test not_null_stg_orders_order_id ................................ [RUN]","logger":"airflow.task.hooks.airflow.providers.standard.hooks.subprocess.SubprocessHook"}
{"timestamp":"2026-09-11T08:48:55.871145","level":"info","event":"\u001b[0m08:48:55  10 of 32 START test not_null_stg_orders_restaurant_id .......................... [RUN]","logger":"airflow.task.hooks.airflow.providers.standard.hooks.subprocess.SubprocessHook"}
{"timestamp":"2026-09-11T08:48:55.871802","level":"info","event":"\u001b[0m08:48:55  11 of 32 START test unique_stg_orders_order_id ................................. [RUN]","logger":"airflow.task.hooks.airflow.providers.standard.hooks.subprocess.SubprocessHook"}
{"timestamp":"2026-09-11T08:48:55.906363","level":"info","event":"\u001b[0m08:48:55  2 of 32 OK created sql view model STAGING.stg_food ............................. [\u001b[32mSUCCESS 1\u001b[0m in 1.84s]","logger":"airflow.task.hooks.airflow.providers.standard.hooks.subprocess.SubprocessHook"}
{"timestamp":"2026-09-11T08:48:55.908493","level":"info","event":"\u001b[0m08:48:55  12 of 32 START sql view model STAGING.dim_food ................................. [RUN]","logger":"airflow.task.hooks.airflow.providers.standard.hooks.subprocess.SubprocessHook"}
{"timestamp":"2026-09-11T08:48:56.055915","level":"info","event":"\u001b[0m08:48:56  7 of 32 OK created sql view model STAGING.stg_users ............................ [\u001b[32mSUCCESS 1\u001b[0m in 1.96s]","logger":"airflow.task.hooks.airflow.providers.standard.hooks.subprocess.SubprocessHook"}
{"timestamp":"2026-09-11T08:48:56.063963","level":"info","event":"\u001b[0m08:48:56  6 of 32 OK created sql view model STAGING.stg_restaurants ...................... [\u001b[32mSUCCESS 1\u001b[0m in 1.97s]","logger":"airflow.task.hooks.airflow.providers.standard.hooks.subprocess.SubprocessHook"}
{"timestamp":"2026-09-11T08:48:56.116770","level":"info","event":"\u001b[0m08:48:56  13 of 32 START test not_null_stg_restaurants_restaurant_id ..................... [RUN]","logger":"airflow.task.hooks.airflow.providers.standard.hooks.subprocess.SubprocessHook"}
{"timestamp":"2026-09-11T08:48:56.126055","level":"info","event":"\u001b[0m08:48:56  14 of 32 START test not_null_stg_users_customer_id ............................. [RUN]","logger":"airflow.task.hooks.airflow.providers.standard.hooks.subprocess.SubprocessHook"}
{"timestamp":"2026-09-11T08:48:56.506655","level":"info","event":"\u001b[0m08:48:56  4 of 32 OK created sql view model STAGING.stg_order_items ...................... [\u001b[32mSUCCESS 1\u001b[0m in 2.44s]","logger":"airflow.task.hooks.airflow.providers.standard.hooks.subprocess.SubprocessHook"}
{"timestamp":"2026-09-11T08:48:56.508368","level":"info","event":"\u001b[0m08:48:56  15 of 32 START test unique_stg_restaurants_restaurant_id ....................... [RUN]","logger":"airflow.task.hooks.airflow.providers.standard.hooks.subprocess.SubprocessHook"}
{"timestamp":"2026-09-11T08:48:57.675783","level":"info","event":"\u001b[0m08:48:57  10 of 32 PASS not_null_stg_orders_restaurant_id ................................ [\u001b[32mPASS\u001b[0m in 1.80s]","logger":"airflow.task.hooks.airflow.providers.standard.hooks.subprocess.SubprocessHook"}
{"timestamp":"2026-09-11T08:48:57.678056","level":"info","event":"\u001b[0m08:48:57  16 of 32 START test unique_stg_users_customer_id ............................... [RUN]","logger":"airflow.task.hooks.airflow.providers.standard.hooks.subprocess.SubprocessHook"}
{"timestamp":"2026-09-11T08:48:57.687374","level":"info","event":"\u001b[0m08:48:57  13 of 32 PASS not_null_stg_restaurants_restaurant_id ........................... [\u001b[32mPASS\u001b[0m in 1.57s]","logger":"airflow.task.hooks.airflow.providers.standard.hooks.subprocess.SubprocessHook"}
{"timestamp":"2026-09-11T08:48:57.692471","level":"info","event":"\u001b[0m08:48:57  17 of 32 START test not_null_stg_order_items_order_item_id ..................... [RUN]","logger":"airflow.task.hooks.airflow.providers.standard.hooks.subprocess.SubprocessHook"}
{"timestamp":"2026-09-11T08:48:57.830037","level":"info","event":"\u001b[0m08:48:57  9 of 32 PASS not_null_stg_orders_order_id ...................................... [\u001b[32mPASS\u001b[0m in 1.96s]","logger":"airflow.task.hooks.airflow.providers.standard.hooks.subprocess.SubprocessHook"}
{"timestamp":"2026-09-11T08:48:57.832157","level":"info","event":"\u001b[0m08:48:57  18 of 32 START test unique_stg_order_items_order_item_id ....................... [RUN]","logger":"airflow.task.hooks.airflow.providers.standard.hooks.subprocess.SubprocessHook"}
{"timestamp":"2026-09-11T08:48:57.867299","level":"info","event":"\u001b[0m08:48:57  11 of 32 PASS unique_stg_orders_order_id ....................................... [\u001b[32mPASS\u001b[0m in 1.99s]","logger":"airflow.task.hooks.airflow.providers.standard.hooks.subprocess.SubprocessHook"}
{"timestamp":"2026-09-11T08:48:58.077310","level":"info","event":"\u001b[0m08:48:58  8 of 32 PASS not_null_stg_orders_customer_id ................................... [\u001b[32mPASS\u001b[0m in 2.20s]","logger":"airflow.task.hooks.airflow.providers.standard.hooks.subprocess.SubprocessHook"}
{"timestamp":"2026-09-11T08:48:58.080427","level":"info","event":"\u001b[0m08:48:58  19 of 32 START sql incremental model STAGING.fct_orders ........................ [RUN]","logger":"airflow.task.hooks.airflow.providers.standard.hooks.subprocess.SubprocessHook"}
{"timestamp":"2026-09-11T08:48:58.097967","level":"info","event":"\u001b[0m08:48:58  14 of 32 PASS not_null_stg_users_customer_id ................................... [\u001b[32mPASS\u001b[0m in 1.97s]","logger":"airflow.task.hooks.airflow.providers.standard.hooks.subprocess.SubprocessHook"}
{"timestamp":"2026-09-11T08:48:58.205574","level":"info","event":"\u001b[0m08:48:58  12 of 32 OK created sql view model STAGING.dim_food ............................ [\u001b[32mSUCCESS 1\u001b[0m in 2.29s]","logger":"airflow.task.hooks.airflow.providers.standard.hooks.subprocess.SubprocessHook"}
{"timestamp":"2026-09-11T08:48:58.315503","level":"info","event":"\u001b[0m08:48:58  15 of 32 PASS unique_stg_restaurants_restaurant_id ............................. [\u001b[32mPASS\u001b[0m in 1.81s]","logger":"airflow.task.hooks.airflow.providers.standard.hooks.subprocess.SubprocessHook"}
{"timestamp":"2026-09-11T08:48:58.318385","level":"info","event":"\u001b[0m08:48:58  20 of 32 START sql view model STAGING.dim_restaurants .......................... [RUN]","logger":"airflow.task.hooks.airflow.providers.standard.hooks.subprocess.SubprocessHook"}
{"timestamp":"2026-09-11T08:48:58.319404","level":"info","event":"\u001b[0m08:48:58  21 of 32 START sql view model STAGING.stg_reviews .............................. [RUN]","logger":"airflow.task.hooks.airflow.providers.standard.hooks.subprocess.SubprocessHook"}
{"timestamp":"2026-09-11T08:48:59.125245","level":"info","event":"\u001b[0m08:48:59  17 of 32 PASS not_null_stg_order_items_order_item_id ........................... [\u001b[32mPASS\u001b[0m in 1.43s]","logger":"airflow.task.hooks.airflow.providers.standard.hooks.subprocess.SubprocessHook"}
{"timestamp":"2026-09-11T08:48:59.220694","level":"info","event":"\u001b[0m08:48:59  16 of 32 PASS unique_stg_users_customer_id ..................................... [\u001b[32mPASS\u001b[0m in 1.54s]","logger":"airflow.task.hooks.airflow.providers.standard.hooks.subprocess.SubprocessHook"}
{"timestamp":"2026-09-11T08:48:59.223525","level":"info","event":"\u001b[0m08:48:59  22 of 32 START sql view model STAGING.dim_customer ............................. [RUN]","logger":"airflow.task.hooks.airflow.providers.standard.hooks.subprocess.SubprocessHook"}
{"timestamp":"2026-09-11T08:48:59.531524","level":"info","event":"\u001b[0m08:48:59  18 of 32 PASS unique_stg_order_items_order_item_id ............................. [\u001b[32mPASS\u001b[0m in 1.70s]","logger":"airflow.task.hooks.airflow.providers.standard.hooks.subprocess.SubprocessHook"}
{"timestamp":"2026-09-11T08:48:59.535260","level":"info","event":"\u001b[0m08:48:59  23 of 32 START sql incremental model STAGING.fact_order_items .................. [RUN]","logger":"airflow.task.hooks.airflow.providers.standard.hooks.subprocess.SubprocessHook"}
{"timestamp":"2026-09-11T08:48:59.957761","level":"info","event":"\u001b[0m08:48:59  20 of 32 OK created sql view model STAGING.dim_restaurants ..................... [\u001b[32mSUCCESS 1\u001b[0m in 1.64s]","logger":"airflow.task.hooks.airflow.providers.standard.hooks.subprocess.SubprocessHook"}
{"timestamp":"2026-09-11T08:48:59.993310","level":"info","event":"\u001b[0m08:48:59  21 of 32 OK created sql view model STAGING.stg_reviews ......................... [\u001b[32mSUCCESS 1\u001b[0m in 1.67s]","logger":"airflow.task.hooks.airflow.providers.standard.hooks.subprocess.SubprocessHook"}
{"timestamp":"2026-09-11T08:48:59.997131","level":"info","event":"\u001b[0m08:48:59  24 of 32 START test not_null_stg_reviews_review_id ............................. [RUN]","logger":"airflow.task.hooks.airflow.providers.standard.hooks.subprocess.SubprocessHook"}
{"timestamp":"2026-09-11T08:48:59.997895","level":"info","event":"\u001b[0m08:48:59  25 of 32 START test unique_stg_reviews_review_id ............................... [RUN]","logger":"airflow.task.hooks.airflow.providers.standard.hooks.subprocess.SubprocessHook"}
{"timestamp":"2026-09-11T08:49:01.372571","level":"info","event":"\u001b[0m08:49:01  22 of 32 OK created sql view model STAGING.dim_customer ........................ [\u001b[32mSUCCESS 1\u001b[0m in 2.14s]","logger":"airflow.task.hooks.airflow.providers.standard.hooks.subprocess.SubprocessHook"}
{"timestamp":"2026-09-11T08:49:01.421688","level":"info","event":"\u001b[0m08:49:01  24 of 32 PASS not_null_stg_reviews_review_id ................................... [\u001b[32mPASS\u001b[0m in 1.42s]","logger":"airflow.task.hooks.airflow.providers.standard.hooks.subprocess.SubprocessHook"}
{"timestamp":"2026-09-11T08:49:01.562285","level":"info","event":"\u001b[0m08:49:01  25 of 32 PASS unique_stg_reviews_review_id ..................................... [\u001b[32mPASS\u001b[0m in 1.56s]","logger":"airflow.task.hooks.airflow.providers.standard.hooks.subprocess.SubprocessHook"}
{"timestamp":"2026-09-11T08:49:01.734886","level":"info","event":"\u001b[0m08:49:01  19 of 32 OK created sql incremental model STAGING.fct_orders ................... [\u001b[32mSUCCESS 0\u001b[0m in 3.65s]","logger":"airflow.task.hooks.airflow.providers.standard.hooks.subprocess.SubprocessHook"}
{"timestamp":"2026-09-11T08:49:01.738805","level":"info","event":"\u001b[0m08:49:01  26 of 32 START test accepted_values_fct_orders_order_status__Delivered__Cancelled__Refunded  [RUN]","logger":"airflow.task.hooks.airflow.providers.standard.hooks.subprocess.SubprocessHook"}
{"timestamp":"2026-09-11T08:49:01.739788","level":"info","event":"\u001b[0m08:49:01  27 of 32 START test not_null_fct_orders_order_id ............................... [RUN]","logger":"airflow.task.hooks.airflow.providers.standard.hooks.subprocess.SubprocessHook"}
{"timestamp":"2026-09-11T08:49:01.740351","level":"info","event":"\u001b[0m08:49:01  28 of 32 START test relationships_fct_orders_customer_id__customer_id__ref_dim_customer_  [RUN]","logger":"airflow.task.hooks.airflow.providers.standard.hooks.subprocess.SubprocessHook"}
{"timestamp":"2026-09-11T08:49:01.741657","level":"info","event":"\u001b[0m08:49:01  29 of 32 START test unique_fct_orders_order_id ................................. [RUN]","logger":"airflow.task.hooks.airflow.providers.standard.hooks.subprocess.SubprocessHook"}
{"timestamp":"2026-09-11T08:49:03.074011","level":"info","event":"\u001b[0m08:49:03  29 of 32 PASS unique_fct_orders_order_id ....................................... [\u001b[32mPASS\u001b[0m in 1.33s]","logger":"airflow.task.hooks.airflow.providers.standard.hooks.subprocess.SubprocessHook"}
{"timestamp":"2026-09-11T08:49:03.114773","level":"info","event":"\u001b[0m08:49:03  26 of 32 PASS accepted_values_fct_orders_order_status__Delivered__Cancelled__Refunded  [\u001b[32mPASS\u001b[0m in 1.37s]","logger":"airflow.task.hooks.airflow.providers.standard.hooks.subprocess.SubprocessHook"}
{"timestamp":"2026-09-11T08:49:03.126571","level":"info","event":"\u001b[0m08:49:03  27 of 32 PASS not_null_fct_orders_order_id ..................................... [\u001b[32mPASS\u001b[0m in 1.38s]","logger":"airflow.task.hooks.airflow.providers.standard.hooks.subprocess.SubprocessHook"}
{"timestamp":"2026-09-11T08:49:03.130484","level":"info","event":"\u001b[0m08:49:03  30 of 32 START sql view model STAGING.mart_daily_city_revenue .................. [RUN]","logger":"airflow.task.hooks.airflow.providers.standard.hooks.subprocess.SubprocessHook"}
{"timestamp":"2026-09-11T08:49:03.131372","level":"info","event":"\u001b[0m08:49:03  31 of 32 START sql view model STAGING.mart_delivery_sla ........................ [RUN]","logger":"airflow.task.hooks.airflow.providers.standard.hooks.subprocess.SubprocessHook"}
{"timestamp":"2026-09-11T08:49:03.132265","level":"info","event":"\u001b[0m08:49:03  32 of 32 START sql view model STAGING.mart_resturant_performance ............... [RUN]","logger":"airflow.task.hooks.airflow.providers.standard.hooks.subprocess.SubprocessHook"}
{"timestamp":"2026-09-11T08:49:03.352704","level":"info","event":"\u001b[0m08:49:03  23 of 32 OK created sql incremental model STAGING.fact_order_items ............. [\u001b[32mSUCCESS 0\u001b[0m in 3.81s]","logger":"airflow.task.hooks.airflow.providers.standard.hooks.subprocess.SubprocessHook"}
{"timestamp":"2026-09-11T08:49:03.636478","level":"info","event":"\u001b[0m08:49:03  28 of 32 PASS relationships_fct_orders_customer_id__customer_id__ref_dim_customer_  [\u001b[32mPASS\u001b[0m in 1.89s]","logger":"airflow.task.hooks.airflow.providers.standard.hooks.subprocess.SubprocessHook"}
{"timestamp":"2026-09-11T08:49:04.563742","level":"info","event":"\u001b[0m08:49:04  30 of 32 OK created sql view model STAGING.mart_daily_city_revenue ............. [\u001b[32mSUCCESS 1\u001b[0m in 1.43s]","logger":"airflow.task.hooks.airflow.providers.standard.hooks.subprocess.SubprocessHook"}
{"timestamp":"2026-09-11T08:49:04.583598","level":"info","event":"\u001b[0m08:49:04  31 of 32 OK created sql view model STAGING.mart_delivery_sla ................... [\u001b[32mSUCCESS 1\u001b[0m in 1.45s]","logger":"airflow.task.hooks.airflow.providers.standard.hooks.subprocess.SubprocessHook"}
{"timestamp":"2026-09-11T08:49:04.790406","level":"info","event":"\u001b[0m08:49:04  32 of 32 OK created sql view model STAGING.mart_resturant_performance .......... [\u001b[32mSUCCESS 1\u001b[0m in 1.65s]","logger":"airflow.task.hooks.airflow.providers.standard.hooks.subprocess.SubprocessHook"}
{"timestamp":"2026-09-11T08:49:04.797120","level":"info","event":"\u001b[0m08:49:04","logger":"airflow.task.hooks.airflow.providers.standard.hooks.subprocess.SubprocessHook"}
{"timestamp":"2026-09-11T08:49:04.797611","level":"info","event":"\u001b[0m08:49:04  Finished running 2 incremental models, 16 data tests, 14 view models in 0 hours 0 minutes and 14.68 seconds (14.68s).","logger":"airflow.task.hooks.airflow.providers.standard.hooks.subprocess.SubprocessHook"}
{"timestamp":"2026-09-11T08:49:04.881816","level":"info","event":"\u001b[0m08:49:04","logger":"airflow.task.hooks.airflow.providers.standard.hooks.subprocess.SubprocessHook"}
{"timestamp":"2026-09-11T08:49:04.882312","level":"info","event":"\u001b[0m08:49:04  \u001b[32mCompleted successfully\u001b[0m","logger":"airflow.task.hooks.airflow.providers.standard.hooks.subprocess.SubprocessHook"}
{"timestamp":"2026-09-11T08:49:04.882747","level":"info","event":"\u001b[0m08:49:04","logger":"airflow.task.hooks.airflow.providers.standard.hooks.subprocess.SubprocessHook"}
{"timestamp":"2026-09-11T08:49:04.883157","level":"info","event":"\u001b[0m08:49:04  Done. PASS=32 WARN=0 ERROR=0 SKIP=0 NO-OP=0 REUSED=0 TOTAL=32","logger":"airflow.task.hooks.airflow.providers.standard.hooks.subprocess.SubprocessHook"}
{"timestamp":"2026-09-11T08:49:06.736339","level":"info","event":"Command exited with return code 0","logger":"airflow.task.hooks.airflow.providers.standard.hooks.subprocess.SubprocessHook"}
{"timestamp":"2026-09-11T08:49:06.736930","level":"info","event":"Pushing xcom","ti":"RuntimeTaskInstance(id=UUID('01a08fa7-975c-726c-8d46-0dc0d8b6b196'), task_id='dbt_build_core', dag_id='zomato_batch', run_id='manual__2026-09-11T08:48:40.267446+00:00', try_number=1, map_index=-1, hostname='d86885f155e5', context_carrier=None, task=<Task(BashOperator): dbt_build_core>, bundle_instance=LocalDagBundle(name=dags-folder), max_tries=0, start_date=datetime.datetime(2026, 9, 11, 8, 48, 47, 463569, tzinfo=datetime.timezone.utc), end_date=None, state=<TaskInstanceState.RUNNING: 'running'>, is_mapped=False, rendered_map_index=None, log_url='http://localhost:8080/dags/zomato_batch/runs/manual__2026-09-11T08%3A48%3A40.267446%2B00%3A00/tasks/dbt_build_core?try_number=1')","logger":"task"}
