{"timestamp":"2026-09-11T11:41:24.591107","level":"info","event":"DAG bundles loaded: dags-folder","logger":"airflow.dag_processing.bundles.manager.DagBundlesManager"}
{"timestamp":"2026-09-11T11:41:24.591574","level":"info","event":"Filling up the DagBag from /opt/airflow/dags/zomato_batch.py","logger":"airflow.models.dagbag.DagBag"}
{"timestamp":"2026-09-11T11:41:24.659227","level":"info","event":"Tmp dir root location: /tmp","logger":"airflow.task.hooks.airflow.providers.standard.hooks.subprocess.SubprocessHook"}
{"timestamp":"2026-09-11T11:41:24.659884","level":"info","event":"Running command: ['/usr/bin/bash', '-c', '/opt/airflow/dbt_venv/bin/dbt build --exclude tag:ai --project-dir /opt/airflow/dbt/zomato --profiles-dir /opt/airflow/dbt/zomato']","logger":"airflow.task.hooks.airflow.providers.standard.hooks.subprocess.SubprocessHook"}
{"timestamp":"2026-09-11T11:41:24.666626","level":"info","event":"Output:","logger":"airflow.task.hooks.airflow.providers.standard.hooks.subprocess.SubprocessHook"}
{"timestamp":"2026-09-11T11:41:26.152801","level":"info","event":"\u001b[0m11:41:26  Running with dbt=1.12.4","logger":"airflow.task.hooks.airflow.providers.standard.hooks.subprocess.SubprocessHook"}
{"timestamp":"2026-09-11T11:41:26.563621","level":"info","event":"\u001b[0m11:41:26  Registered adapter: snowflake=1.8.4","logger":"airflow.task.hooks.airflow.providers.standard.hooks.subprocess.SubprocessHook"}
{"timestamp":"2026-09-11T11:41:26.903870","level":"info","event":"\u001b[0m11:41:26  [\u001b[33mWARNING\u001b[0m]: Configuration paths exist in your dbt_project.yml file which do not apply to any resources.","logger":"airflow.task.hooks.airflow.providers.standard.hooks.subprocess.SubprocessHook"}
{"timestamp":"2026-09-11T11:41:26.904016","level":"info","event":"There are 1 unused configuration paths:","logger":"airflow.task.hooks.airflow.providers.standard.hooks.subprocess.SubprocessHook"}
{"timestamp":"2026-09-11T11:41:26.904057","level":"info","event":"- models.zomato.example","logger":"airflow.task.hooks.airflow.providers.standard.hooks.subprocess.SubprocessHook"}
{"timestamp":"2026-09-11T11:41:27.101410","level":"info","event":"\u001b[0m11:41:27  Found 17 models, 16 data tests, 8 sources, 506 macros","logger":"airflow.task.hooks.airflow.providers.standard.hooks.subprocess.SubprocessHook"}
{"timestamp":"2026-09-11T11:41:27.110788","level":"info","event":"\u001b[0m11:41:27","logger":"airflow.task.hooks.airflow.providers.standard.hooks.subprocess.SubprocessHook"}
{"timestamp":"2026-09-11T11:41:27.117268","level":"info","event":"\u001b[0m11:41:27  Concurrency: 8 threads (target='dev')","logger":"airflow.task.hooks.airflow.providers.standard.hooks.subprocess.SubprocessHook"}
{"timestamp":"2026-09-11T11:41:27.120869","level":"info","event":"\u001b[0m11:41:27","logger":"airflow.task.hooks.airflow.providers.standard.hooks.subprocess.SubprocessHook"}
{"timestamp":"2026-09-11T11:41:30.419260","level":"info","event":"\u001b[0m11:41:30  1 of 32 START sql view model STAGING.dim_date .................................. [RUN]","logger":"airflow.task.hooks.airflow.providers.standard.hooks.subprocess.SubprocessHook"}
{"timestamp":"2026-09-11T11:41:30.420771","level":"info","event":"\u001b[0m11:41:30  2 of 32 START sql view model STAGING.stg_food .................................. [RUN]","logger":"airflow.task.hooks.airflow.providers.standard.hooks.subprocess.SubprocessHook"}
{"timestamp":"2026-09-11T11:41:30.422117","level":"info","event":"\u001b[0m11:41:30  3 of 32 START sql view model STAGING.stg_menu .................................. [RUN]","logger":"airflow.task.hooks.airflow.providers.standard.hooks.subprocess.SubprocessHook"}
{"timestamp":"2026-09-11T11:41:30.423914","level":"info","event":"\u001b[0m11:41:30  4 of 32 START sql view model STAGING.stg_order_items ........................... [RUN]","logger":"airflow.task.hooks.airflow.providers.standard.hooks.subprocess.SubprocessHook"}
{"timestamp":"2026-09-11T11:41:30.424901","level":"info","event":"\u001b[0m11:41:30  5 of 32 START sql view model STAGING.stg_orders ................................ [RUN]","logger":"airflow.task.hooks.airflow.providers.standard.hooks.subprocess.SubprocessHook"}
{"timestamp":"2026-09-11T11:41:30.425574","level":"info","event":"\u001b[0m11:41:30  6 of 32 START sql view model STAGING.stg_restaurants ........................... [RUN]","logger":"airflow.task.hooks.airflow.providers.standard.hooks.subprocess.SubprocessHook"}
{"timestamp":"2026-09-11T11:41:30.426279","level":"info","event":"\u001b[0m11:41:30  7 of 32 START sql view model STAGING.stg_users ................................. [RUN]","logger":"airflow.task.hooks.airflow.providers.standard.hooks.subprocess.SubprocessHook"}
{"timestamp":"2026-09-11T11:41:32.011716","level":"info","event":"\u001b[0m11:41:32  7 of 32 OK created sql view model STAGING.stg_users ............................ [\u001b[32mSUCCESS 1\u001b[0m in 1.58s]","logger":"airflow.task.hooks.airflow.providers.standard.hooks.subprocess.SubprocessHook"}
{"timestamp":"2026-09-11T11:41:32.013904","level":"info","event":"\u001b[0m11:41:32  8 of 32 START test not_null_stg_users_customer_id .............................. [RUN]","logger":"airflow.task.hooks.airflow.providers.standard.hooks.subprocess.SubprocessHook"}
{"timestamp":"2026-09-11T11:41:32.014342","level":"info","event":"\u001b[0m11:41:32  9 of 32 START test unique_stg_users_customer_id ................................ [RUN]","logger":"airflow.task.hooks.airflow.providers.standard.hooks.subprocess.SubprocessHook"}
{"timestamp":"2026-09-11T11:41:32.037445","level":"info","event":"\u001b[0m11:41:32  5 of 32 OK created sql view model STAGING.stg_orders ........................... [\u001b[32mSUCCESS 1\u001b[0m in 1.61s]","logger":"airflow.task.hooks.airflow.providers.standard.hooks.subprocess.SubprocessHook"}
{"timestamp":"2026-09-11T11:41:32.041959","level":"info","event":"\u001b[0m11:41:32  10 of 32 START test not_null_stg_orders_customer_id ............................ [RUN]","logger":"airflow.task.hooks.airflow.providers.standard.hooks.subprocess.SubprocessHook"}
{"timestamp":"2026-09-11T11:41:32.227059","level":"info","event":"\u001b[0m11:41:32  2 of 32 OK created sql view model STAGING.stg_food ............................. [\u001b[32mSUCCESS 1\u001b[0m in 1.80s]","logger":"airflow.task.hooks.airflow.providers.standard.hooks.subprocess.SubprocessHook"}
{"timestamp":"2026-09-11T11:41:32.229784","level":"info","event":"\u001b[0m11:41:32  11 of 32 START test not_null_stg_orders_order_id ............................... [RUN]","logger":"airflow.task.hooks.airflow.providers.standard.hooks.subprocess.SubprocessHook"}
{"timestamp":"2026-09-11T11:41:32.232204","level":"info","event":"\u001b[0m11:41:32  6 of 32 OK created sql view model STAGING.stg_restaurants ...................... [\u001b[32mSUCCESS 1\u001b[0m in 1.80s]","logger":"airflow.task.hooks.airflow.providers.standard.hooks.subprocess.SubprocessHook"}
{"timestamp":"2026-09-11T11:41:32.240966","level":"info","event":"\u001b[0m11:41:32  12 of 32 START test not_null_stg_orders_restaurant_id .......................... [RUN]","logger":"airflow.task.hooks.airflow.providers.standard.hooks.subprocess.SubprocessHook"}
{"timestamp":"2026-09-11T11:41:32.383877","level":"info","event":"\u001b[0m11:41:32  4 of 32 OK created sql view model STAGING.stg_order_items ...................... [\u001b[32mSUCCESS 1\u001b[0m in 1.95s]","logger":"airflow.task.hooks.airflow.providers.standard.hooks.subprocess.SubprocessHook"}
{"timestamp":"2026-09-11T11:41:32.386190","level":"info","event":"\u001b[0m11:41:32  13 of 32 START test unique_stg_orders_order_id ................................. [RUN]","logger":"airflow.task.hooks.airflow.providers.standard.hooks.subprocess.SubprocessHook"}
{"timestamp":"2026-09-11T11:41:32.388324","level":"info","event":"\u001b[0m11:41:32  3 of 32 OK created sql view model STAGING.stg_menu ............................. [\u001b[32mSUCCESS 1\u001b[0m in 1.96s]","logger":"airflow.task.hooks.airflow.providers.standard.hooks.subprocess.SubprocessHook"}
{"timestamp":"2026-09-11T11:41:32.396915","level":"info","event":"\u001b[0m11:41:32  14 of 32 START sql view model STAGING.dim_food ................................. [RUN]","logger":"airflow.task.hooks.airflow.providers.standard.hooks.subprocess.SubprocessHook"}
{"timestamp":"2026-09-11T11:41:33.530382","level":"info","event":"\u001b[0m11:41:33  1 of 32 OK created sql view model STAGING.dim_date ............................. [\u001b[32mSUCCESS 1\u001b[0m in 3.11s]","logger":"airflow.task.hooks.airflow.providers.standard.hooks.subprocess.SubprocessHook"}
{"timestamp":"2026-09-11T11:41:33.533302","level":"info","event":"\u001b[0m11:41:33  15 of 32 START test not_null_stg_restaurants_restaurant_id ..................... [RUN]","logger":"airflow.task.hooks.airflow.providers.standard.hooks.subprocess.SubprocessHook"}
{"timestamp":"2026-09-11T11:41:33.724953","level":"info","event":"\u001b[0m11:41:33  9 of 32 PASS unique_stg_users_customer_id ...................................... [\u001b[32mPASS\u001b[0m in 1.71s]","logger":"airflow.task.hooks.airflow.providers.standard.hooks.subprocess.SubprocessHook"}
{"timestamp":"2026-09-11T11:41:33.727486","level":"info","event":"\u001b[0m11:41:33  16 of 32 START test unique_stg_restaurants_restaurant_id ....................... [RUN]","logger":"airflow.task.hooks.airflow.providers.standard.hooks.subprocess.SubprocessHook"}
{"timestamp":"2026-09-11T11:41:33.767856","level":"info","event":"\u001b[0m11:41:33  10 of 32 PASS not_null_stg_orders_customer_id .................................. [\u001b[32mPASS\u001b[0m in 1.72s]","logger":"airflow.task.hooks.airflow.providers.standard.hooks.subprocess.SubprocessHook"}
{"timestamp":"2026-09-11T11:41:33.773186","level":"info","event":"\u001b[0m11:41:33  17 of 32 START test not_null_stg_order_items_order_item_id ..................... [RUN]","logger":"airflow.task.hooks.airflow.providers.standard.hooks.subprocess.SubprocessHook"}
{"timestamp":"2026-09-11T11:41:33.935988","level":"info","event":"\u001b[0m11:41:33  14 of 32 OK created sql view model STAGING.dim_food ............................ [\u001b[32mSUCCESS 1\u001b[0m in 1.54s]","logger":"airflow.task.hooks.airflow.providers.standard.hooks.subprocess.SubprocessHook"}
{"timestamp":"2026-09-11T11:41:33.939031","level":"info","event":"\u001b[0m11:41:33  18 of 32 START test unique_stg_order_items_order_item_id ....................... [RUN]","logger":"airflow.task.hooks.airflow.providers.standard.hooks.subprocess.SubprocessHook"}
{"timestamp":"2026-09-11T11:41:34.086877","level":"info","event":"\u001b[0m11:41:34  8 of 32 PASS not_null_stg_users_customer_id .................................... [\u001b[32mPASS\u001b[0m in 2.07s]","logger":"airflow.task.hooks.airflow.providers.standard.hooks.subprocess.SubprocessHook"}
{"timestamp":"2026-09-11T11:41:34.090086","level":"info","event":"\u001b[0m11:41:34  19 of 32 START sql view model STAGING.dim_customer ............................. [RUN]","logger":"airflow.task.hooks.airflow.providers.standard.hooks.subprocess.SubprocessHook"}
{"timestamp":"2026-09-11T11:41:34.279609","level":"info","event":"\u001b[0m11:41:34  12 of 32 PASS not_null_stg_orders_restaurant_id ................................ [\u001b[32mPASS\u001b[0m in 2.04s]","logger":"airflow.task.hooks.airflow.providers.standard.hooks.subprocess.SubprocessHook"}
{"timestamp":"2026-09-11T11:41:34.336319","level":"info","event":"\u001b[0m11:41:34  11 of 32 PASS not_null_stg_orders_order_id ..................................... [\u001b[32mPASS\u001b[0m in 2.10s]","logger":"airflow.task.hooks.airflow.providers.standard.hooks.subprocess.SubprocessHook"}
{"timestamp":"2026-09-11T11:41:34.589133","level":"info","event":"\u001b[0m11:41:34  13 of 32 PASS unique_stg_orders_order_id ....................................... [\u001b[32mPASS\u001b[0m in 2.20s]","logger":"airflow.task.hooks.airflow.providers.standard.hooks.subprocess.SubprocessHook"}
{"timestamp":"2026-09-11T11:41:34.592027","level":"info","event":"\u001b[0m11:41:34  20 of 32 START sql incremental model STAGING.fct_orders ........................ [RUN]","logger":"airflow.task.hooks.airflow.providers.standard.hooks.subprocess.SubprocessHook"}
{"timestamp":"2026-09-11T11:41:34.920758","level":"info","event":"\u001b[0m11:41:34  15 of 32 PASS not_null_stg_restaurants_restaurant_id ........................... [\u001b[32mPASS\u001b[0m in 1.39s]","logger":"airflow.task.hooks.airflow.providers.standard.hooks.subprocess.SubprocessHook"}
{"timestamp":"2026-09-11T11:41:35.178990","level":"info","event":"\u001b[0m11:41:35  16 of 32 PASS unique_stg_restaurants_restaurant_id ............................. [\u001b[32mPASS\u001b[0m in 1.45s]","logger":"airflow.task.hooks.airflow.providers.standard.hooks.subprocess.SubprocessHook"}
{"timestamp":"2026-09-11T11:41:35.181856","level":"info","event":"\u001b[0m11:41:35  21 of 32 START sql view model STAGING.dim_restaurants .......................... [RUN]","logger":"airflow.task.hooks.airflow.providers.standard.hooks.subprocess.SubprocessHook"}
{"timestamp":"2026-09-11T11:41:35.182826","level":"info","event":"\u001b[0m11:41:35  22 of 32 START sql view model STAGING.stg_reviews .............................. [RUN]","logger":"airflow.task.hooks.airflow.providers.standard.hooks.subprocess.SubprocessHook"}
{"timestamp":"2026-09-11T11:41:35.186286","level":"info","event":"\u001b[0m11:41:35  17 of 32 PASS not_null_stg_order_items_order_item_id ........................... [\u001b[32mPASS\u001b[0m in 1.41s]","logger":"airflow.task.hooks.airflow.providers.standard.hooks.subprocess.SubprocessHook"}
{"timestamp":"2026-09-11T11:41:35.584173","level":"info","event":"\u001b[0m11:41:35  19 of 32 OK created sql view model STAGING.dim_customer ........................ [\u001b[32mSUCCESS 1\u001b[0m in 1.49s]","logger":"airflow.task.hooks.airflow.providers.standard.hooks.subprocess.SubprocessHook"}
{"timestamp":"2026-09-11T11:41:35.660479","level":"info","event":"\u001b[0m11:41:35  18 of 32 PASS unique_stg_order_items_order_item_id ............................. [\u001b[32mPASS\u001b[0m in 1.72s]","logger":"airflow.task.hooks.airflow.providers.standard.hooks.subprocess.SubprocessHook"}
{"timestamp":"2026-09-11T11:41:35.663460","level":"info","event":"\u001b[0m11:41:35  23 of 32 START sql incremental model STAGING.fact_order_items .................. [RUN]","logger":"airflow.task.hooks.airflow.providers.standard.hooks.subprocess.SubprocessHook"}
{"timestamp":"2026-09-11T11:41:36.692445","level":"info","event":"\u001b[0m11:41:36  22 of 32 OK created sql view model STAGING.stg_reviews ......................... [\u001b[32mSUCCESS 1\u001b[0m in 1.51s]","logger":"airflow.task.hooks.airflow.providers.standard.hooks.subprocess.SubprocessHook"}
{"timestamp":"2026-09-11T11:41:36.695155","level":"info","event":"\u001b[0m11:41:36  24 of 32 START test not_null_stg_reviews_review_id ............................. [RUN]","logger":"airflow.task.hooks.airflow.providers.standard.hooks.subprocess.SubprocessHook"}
{"timestamp":"2026-09-11T11:41:36.695695","level":"info","event":"\u001b[0m11:41:36  25 of 32 START test unique_stg_reviews_review_id ............................... [RUN]","logger":"airflow.task.hooks.airflow.providers.standard.hooks.subprocess.SubprocessHook"}
{"timestamp":"2026-09-11T11:41:36.738327","level":"info","event":"\u001b[0m11:41:36  21 of 32 OK created sql view model STAGING.dim_restaurants ..................... [\u001b[32mSUCCESS 1\u001b[0m in 1.55s]","logger":"airflow.task.hooks.airflow.providers.standard.hooks.subprocess.SubprocessHook"}
{"timestamp":"2026-09-11T11:41:38.124171","level":"info","event":"\u001b[0m11:41:38  20 of 32 OK created sql incremental model STAGING.fct_orders ................... [\u001b[32mSUCCESS 0\u001b[0m in 3.53s]","logger":"airflow.task.hooks.airflow.providers.standard.hooks.subprocess.SubprocessHook"}
{"timestamp":"2026-09-11T11:41:38.127936","level":"info","event":"\u001b[0m11:41:38  26 of 32 START test accepted_values_fct_orders_order_status__Delivered__Cancelled__Refunded  [RUN]","logger":"airflow.task.hooks.airflow.providers.standard.hooks.subprocess.SubprocessHook"}
{"timestamp":"2026-09-11T11:41:38.128926","level":"info","event":"\u001b[0m11:41:38  27 of 32 START test not_null_fct_orders_order_id ............................... [RUN]","logger":"airflow.task.hooks.airflow.providers.standard.hooks.subprocess.SubprocessHook"}
{"timestamp":"2026-09-11T11:41:38.129944","level":"info","event":"\u001b[0m11:41:38  28 of 32 START test relationships_fct_orders_customer_id__customer_id__ref_dim_customer_  [RUN]","logger":"airflow.task.hooks.airflow.providers.standard.hooks.subprocess.SubprocessHook"}
{"timestamp":"2026-09-11T11:41:38.130741","level":"info","event":"\u001b[0m11:41:38  29 of 32 START test unique_fct_orders_order_id ................................. [RUN]","logger":"airflow.task.hooks.airflow.providers.standard.hooks.subprocess.SubprocessHook"}
{"timestamp":"2026-09-11T11:41:38.204416","level":"info","event":"\u001b[0m11:41:38  24 of 32 PASS not_null_stg_reviews_review_id ................................... [\u001b[32mPASS\u001b[0m in 1.51s]","logger":"airflow.task.hooks.airflow.providers.standard.hooks.subprocess.SubprocessHook"}
{"timestamp":"2026-09-11T11:41:38.281898","level":"info","event":"\u001b[0m11:41:38  25 of 32 PASS unique_stg_reviews_review_id ..................................... [\u001b[32mPASS\u001b[0m in 1.58s]","logger":"airflow.task.hooks.airflow.providers.standard.hooks.subprocess.SubprocessHook"}
{"timestamp":"2026-09-11T11:41:39.529472","level":"info","event":"\u001b[0m11:41:39  26 of 32 PASS accepted_values_fct_orders_order_status__Delivered__Cancelled__Refunded  [\u001b[32mPASS\u001b[0m in 1.40s]","logger":"airflow.task.hooks.airflow.providers.standard.hooks.subprocess.SubprocessHook"}
{"timestamp":"2026-09-11T11:41:39.560048","level":"info","event":"\u001b[0m11:41:39  27 of 32 PASS not_null_fct_orders_order_id ..................................... [\u001b[32mPASS\u001b[0m in 1.43s]","logger":"airflow.task.hooks.airflow.providers.standard.hooks.subprocess.SubprocessHook"}
{"timestamp":"2026-09-11T11:41:39.563939","level":"info","event":"\u001b[0m11:41:39  29 of 32 PASS unique_fct_orders_order_id ....................................... [\u001b[32mPASS\u001b[0m in 1.43s]","logger":"airflow.task.hooks.airflow.providers.standard.hooks.subprocess.SubprocessHook"}
{"timestamp":"2026-09-11T11:41:39.566769","level":"info","event":"\u001b[0m11:41:39  30 of 32 START sql view model STAGING.mart_daily_city_revenue .................. [RUN]","logger":"airflow.task.hooks.airflow.providers.standard.hooks.subprocess.SubprocessHook"}
{"timestamp":"2026-09-11T11:41:39.567670","level":"info","event":"\u001b[0m11:41:39  31 of 32 START sql view model STAGING.mart_delivery_sla ........................ [RUN]","logger":"airflow.task.hooks.airflow.providers.standard.hooks.subprocess.SubprocessHook"}
{"timestamp":"2026-09-11T11:41:39.568231","level":"info","event":"\u001b[0m11:41:39  32 of 32 START sql view model STAGING.mart_resturant_performance ............... [RUN]","logger":"airflow.task.hooks.airflow.providers.standard.hooks.subprocess.SubprocessHook"}
{"timestamp":"2026-09-11T11:41:39.730359","level":"info","event":"\u001b[0m11:41:39  28 of 32 PASS relationships_fct_orders_customer_id__customer_id__ref_dim_customer_  [\u001b[32mPASS\u001b[0m in 1.60s]","logger":"airflow.task.hooks.airflow.providers.standard.hooks.subprocess.SubprocessHook"}
{"timestamp":"2026-09-11T11:41:39.743872","level":"info","event":"\u001b[0m11:41:39  23 of 32 OK created sql incremental model STAGING.fact_order_items ............. [\u001b[32mSUCCESS 0\u001b[0m in 4.08s]","logger":"airflow.task.hooks.airflow.providers.standard.hooks.subprocess.SubprocessHook"}
{"timestamp":"2026-09-11T11:41:41.031372","level":"info","event":"\u001b[0m11:41:41  31 of 32 OK created sql view model STAGING.mart_delivery_sla ................... [\u001b[32mSUCCESS 1\u001b[0m in 1.46s]","logger":"airflow.task.hooks.airflow.providers.standard.hooks.subprocess.SubprocessHook"}
{"timestamp":"2026-09-11T11:41:41.195863","level":"info","event":"\u001b[0m11:41:41  32 of 32 OK created sql view model STAGING.mart_resturant_performance .......... [\u001b[32mSUCCESS 1\u001b[0m in 1.62s]","logger":"airflow.task.hooks.airflow.providers.standard.hooks.subprocess.SubprocessHook"}
{"timestamp":"2026-09-11T11:41:41.253707","level":"info","event":"\u001b[0m11:41:41  30 of 32 OK created sql view model STAGING.mart_daily_city_revenue ............. [\u001b[32mSUCCESS 1\u001b[0m in 1.68s]","logger":"airflow.task.hooks.airflow.providers.standard.hooks.subprocess.SubprocessHook"}
{"timestamp":"2026-09-11T11:41:41.261314","level":"info","event":"\u001b[0m11:41:41","logger":"airflow.task.hooks.airflow.providers.standard.hooks.subprocess.SubprocessHook"}
{"timestamp":"2026-09-11T11:41:41.261883","level":"info","event":"\u001b[0m11:41:41  Finished running 2 incremental models, 16 data tests, 14 view models in 0 hours 0 minutes and 14.14 seconds (14.14s).","logger":"airflow.task.hooks.airflow.providers.standard.hooks.subprocess.SubprocessHook"}
{"timestamp":"2026-09-11T11:41:41.353262","level":"info","event":"\u001b[0m11:41:41","logger":"airflow.task.hooks.airflow.providers.standard.hooks.subprocess.SubprocessHook"}
{"timestamp":"2026-09-11T11:41:41.353786","level":"info","event":"\u001b[0m11:41:41  \u001b[32mCompleted successfully\u001b[0m","logger":"airflow.task.hooks.airflow.providers.standard.hooks.subprocess.SubprocessHook"}
{"timestamp":"2026-09-11T11:41:41.354176","level":"info","event":"\u001b[0m11:41:41","logger":"airflow.task.hooks.airflow.providers.standard.hooks.subprocess.SubprocessHook"}
{"timestamp":"2026-09-11T11:41:41.354674","level":"info","event":"\u001b[0m11:41:41  Done. PASS=32 WARN=0 ERROR=0 SKIP=0 NO-OP=0 REUSED=0 TOTAL=32","logger":"airflow.task.hooks.airflow.providers.standard.hooks.subprocess.SubprocessHook"}
{"timestamp":"2026-09-11T11:41:42.910836","level":"info","event":"Command exited with return code 0","logger":"airflow.task.hooks.airflow.providers.standard.hooks.subprocess.SubprocessHook"}
{"timestamp":"2026-09-11T11:41:42.911586","level":"info","event":"Pushing xcom","ti":"RuntimeTaskInstance(id=UUID('01a09045-97eb-7fd3-ac21-ba45f7b249ee'), task_id='dbt_build_core', dag_id='zomato_batch', run_id='manual__2026-09-11T08:48:40.267446+00:00', try_number=2, map_index=-1, hostname='d86885f155e5', context_carrier=None, task=<Task(BashOperator): dbt_build_core>, bundle_instance=LocalDagBundle(name=dags-folder), max_tries=1, start_date=datetime.datetime(2026, 9, 11, 11, 41, 24, 562737, tzinfo=datetime.timezone.utc), end_date=None, state=<TaskInstanceState.RUNNING: 'running'>, is_mapped=False, rendered_map_index=None, log_url='http://localhost:8080/dags/zomato_batch/runs/manual__2026-09-11T08%3A48%3A40.267446%2B00%3A00/tasks/dbt_build_core?try_number=2')","logger":"task"}
