[0m15:45:09.653590 [debug] [MainThread]: Sending event: {'category': 'dbt', 'action': 'invocation', 'label': 'start', 'context': [<snowplow_tracker.self_describing_json.SelfDescribingJson object at 0x000001D77C4C0150>, <snowplow_tracker.self_describing_json.SelfDescribingJson object at 0x000001D7009BF410>, <snowplow_tracker.self_describing_json.SelfDescribingJson object at 0x000001D7008CBD50>]}


============================== 15:45:09.680034 | e3510908-d2b7-4754-be87-f1632cea75be ==============================
[0m15:45:09.680034 [info ] [MainThread]: Running with dbt=1.12.4
[0m15:45:09.680034 [debug] [MainThread]: running dbt with arguments {'version_check': 'True', 'no_print': 'None', 'maximum_seed_size_mib': '1', 'target_path': 'None', 'warn_error_options': 'WarnErrorOptionsV2(error=[], warn=[], silence=[])', 'static_parser': 'True', 'printer_width': '80', 'write_json': 'True', 'empty': 'None', 'log_cache_events': 'False', 'introspect': 'True', 'cache_selected_only': 'False', 'log_format': 'default', 'debug': 'False', 'fail_fast': 'False', 'profiles_dir': 'C:\\Users\\Chandana S\\.dbt', 'send_anonymous_usage_stats': 'True', 'quiet': 'False', 'warn_error': 'None', 'partial_parse': 'True', 'invocation_command': 'dbt init zomato', 'hints_enabled': 'True', 'indirect_selection': 'eager', 'use_experimental_parser': 'False', 'use_colors': 'True', 'log_path': 'logs'}
[0m15:45:09.848407 [info ] [MainThread]: Creating dbt configuration folder at C:\Users\Chandana S\.dbt
[0m15:45:09.856445 [debug] [MainThread]: Starter project path: C:\Users\Chandana S\OneDrive\Desktop\zomato\.venv\Lib\site-packages\dbt\include\starter_project
[0m15:45:09.949148 [info ] [MainThread]: Setting up your profile.
[0m15:46:54.509839 [debug] [MainThread]: Snowflake adapter: Setting snowflake.connector to ERROR (file logging only)
[0m15:46:54.509839 [debug] [MainThread]: Snowflake adapter: Setting botocore to ERROR (file logging only)
[0m15:46:54.510835 [debug] [MainThread]: Snowflake adapter: Setting boto3 to ERROR (file logging only)
[0m15:55:44.449603 [info ] [MainThread]: Profile zomato written to C:\Users\Chandana S\.dbt\profiles.yml using target's profile_template.yml and your supplied values.
[0m15:55:44.497704 [info ] [MainThread]: Running dbt debug to validate the project...
[0m15:55:44.497704 [info ] [MainThread]: dbt version: 1.12.4
[0m15:55:44.497704 [info ] [MainThread]: python version: 3.11.9
[0m15:55:44.497704 [info ] [MainThread]: python path: C:\Users\Chandana S\OneDrive\Desktop\zomato\.venv\Scripts\python.exe
[0m15:55:44.497704 [info ] [MainThread]: os info: Windows-10-10.0.26100-SP0
[0m15:55:44.564769 [info ] [MainThread]: Using profiles dir at C:\Users\Chandana S\.dbt
[0m15:55:44.564769 [info ] [MainThread]: Using profiles.yml file at C:\Users\Chandana S\.dbt\profiles.yml
[0m15:55:44.564769 [info ] [MainThread]: Using dbt_project.yml file at C:\Users\Chandana S\OneDrive\Desktop\zomato\zomato\dbt_project.yml
[0m15:55:44.583066 [info ] [MainThread]: adapter type: snowflake
[0m15:55:44.583982 [info ] [MainThread]: adapter version: 1.12.0
[0m15:55:44.657031 [info ] [MainThread]: Configuration:
[0m15:55:44.657991 [info ] [MainThread]:   profiles.yml file [[32mOK found and valid[0m]
[0m15:55:44.658951 [info ] [MainThread]:   dbt_project.yml file [[32mOK found and valid[0m]
[0m15:55:44.658951 [info ] [MainThread]: Required dependencies:
[0m15:55:44.659965 [debug] [MainThread]: Executing "git --help"
[0m15:55:44.698368 [debug] [MainThread]: STDOUT: "b"usage: git [-v | --version] [-h | --help] [-C <path>] [-c <name>=<value>]\n           [--exec-path[=<path>]] [--html-path] [--man-path] [--info-path]\n           [-p | --paginate | -P | --no-pager] [--no-replace-objects] [--no-lazy-fetch]\n           [--no-optional-locks] [--no-advice] [--bare] [--git-dir=<path>]\n           [--work-tree=<path>] [--namespace=<name>] [--config-env=<name>=<envvar>]\n           <command> [<args>]\n\nThese are common Git commands used in various situations:\n\nstart a working area (see also: git help tutorial)\n   clone      Clone a repository into a new directory\n   init       Create an empty Git repository or reinitialize an existing one\n\nwork on the current change (see also: git help everyday)\n   add        Add file contents to the index\n   mv         Move or rename a file, a directory, or a symlink\n   restore    Restore working tree files\n   rm         Remove files from the working tree and from the index\n\nexamine the history and state (see also: git help revisions)\n   bisect     Use binary search to find the commit that introduced a bug\n   diff       Show changes between commits, commit and working tree, etc\n   grep       Print lines matching a pattern\n   log        Show commit logs\n   show       Show various types of objects\n   status     Show the working tree status\n\ngrow, mark and tweak your common history\n   backfill   Download missing objects in a partial clone\n   branch     List, create, or delete branches\n   commit     Record changes to the repository\n   merge      Join two or more development histories together\n   rebase     Reapply commits on top of another base tip\n   reset      Reset current HEAD to the specified state\n   switch     Switch branches\n   tag        Create, list, delete or verify a tag object signed with GPG\n\ncollaborate (see also: git help workflows)\n   fetch      Download objects and refs from another repository\n   pull       Fetch from and integrate with another repository or a local branch\n   push       Update remote refs along with associated objects\n\n'git help -a' and 'git help -g' list available subcommands and some\nconcept guides. See 'git help <command>' or 'git help <concept>'\nto read about a specific subcommand or concept.\nSee 'git help git' for an overview of the system.\n""
[0m15:55:44.698368 [debug] [MainThread]: STDERR: "b''"
[0m15:55:44.698368 [info ] [MainThread]:  - git [[32mOK found[0m]

[0m15:55:44.714146 [info ] [MainThread]: Connection:
[0m15:55:44.714146 [info ] [MainThread]:   account: TWTBREF-NI08264
[0m15:55:44.714146 [info ] [MainThread]:   user: CHANDANAS336
[0m15:55:44.714146 [info ] [MainThread]:   database: ZOMATO_WH
[0m15:55:44.714146 [info ] [MainThread]:   warehouse: ZOMATO_WH
[0m15:55:44.714146 [info ] [MainThread]:   role: DBT_ROLE
[0m15:55:44.714146 [info ] [MainThread]:   schema: STAGING
[0m15:55:44.714146 [info ] [MainThread]:   authenticator: None
[0m15:55:44.714146 [info ] [MainThread]:   oauth_client_id: None
[0m15:55:44.714146 [info ] [MainThread]:   query_tag: None
[0m15:55:44.714146 [info ] [MainThread]:   client_session_keep_alive: False
[0m15:55:44.714146 [info ] [MainThread]:   host: None
[0m15:55:44.714146 [info ] [MainThread]:   port: None
[0m15:55:44.714146 [info ] [MainThread]:   proxy_host: None
[0m15:55:44.720024 [info ] [MainThread]:   proxy_port: None
[0m15:55:44.720024 [info ] [MainThread]:   protocol: None
[0m15:55:44.720776 [info ] [MainThread]:   connect_retries: 1
[0m15:55:44.721404 [info ] [MainThread]:   connect_timeout: None
[0m15:55:44.721404 [info ] [MainThread]:   retry_on_database_errors: False
[0m15:55:44.721404 [info ] [MainThread]:   retry_all: False
[0m15:55:44.722424 [info ] [MainThread]:   insecure_mode: False
[0m15:55:44.723095 [info ] [MainThread]:   reuse_connections: True
[0m15:55:44.723569 [info ] [MainThread]:   s3_stage_vpce_dns_name: None
[0m15:55:44.723882 [info ] [MainThread]:   workload_identity_provider: None
[0m15:55:44.724455 [info ] [MainThread]:   workload_identity_entra_resource: None
[0m15:55:44.724455 [info ] [MainThread]:   platform_detection_timeout_seconds: 0.0
[0m15:55:44.724455 [info ] [MainThread]: Registered adapter: snowflake=1.12.0
[0m15:55:45.005912 [debug] [MainThread]: Acquiring new snowflake connection 'debug'
[0m15:55:45.021590 [debug] [MainThread]: Using snowflake connection "debug"
[0m15:55:45.021590 [debug] [MainThread]: On debug: select 1 as id
[0m15:55:45.021590 [debug] [MainThread]: Opening a new connection, currently in state init
[0m15:55:46.730358 [debug] [MainThread]: Snowflake adapter: Error running SQL: select 1 as id
[0m15:55:46.730358 [debug] [MainThread]: Snowflake adapter: Rolling back transaction.
[0m15:55:46.730358 [info ] [MainThread]:   Connection test: [[31mERROR[0m]

[0m15:55:46.730358 [info ] [MainThread]: [31m1 check failed:[0m
[0m15:55:46.730358 [info ] [MainThread]: dbt was unable to connect to the specified database.
The database returned the following error:

  >Database Error
  390100 (28000): Failed to connect to DB: TWTBREF-NI08264.snowflakecomputing.com:443. Incorrect username or password was specified. [da39b8d7-ba51-4ebe-8cc3-4020344118b6]

Check your database credentials and try again. For more information, visit:
https://docs.getdbt.com/docs/configure-your-profile


[0m15:55:46.730358 [info ] [MainThread]: Your new dbt project "zomato" was created!
Initialized new project in C:\Users\Chandana S\OneDrive\Desktop\zomato\zomato\zomato

For more information on how to configure the profiles.yml file,
please consult the dbt documentation here:

  https://docs.getdbt.com/docs/configure-your-profile

One more thing:

Need help? Don't hesitate to reach out to us via GitHub issues or on Slack:

  https://community.getdbt.com/

Happy modeling!

[0m15:55:46.730358 [info ] [MainThread]: [31mYour profile may need adjustments. You can find the logs of `dbt debug` above[0m
[0m15:55:46.730358 [debug] [MainThread]: Command `dbt init` succeeded at 15:55:46.730358 after 637.19 seconds
[0m15:55:46.730358 [debug] [MainThread]: Connection 'debug' was left open.
[0m15:55:46.730358 [debug] [MainThread]: On debug: No close available on handle
[0m15:55:46.730358 [debug] [MainThread]: Sending event: {'category': 'dbt', 'action': 'invocation', 'label': 'end', 'context': [<snowplow_tracker.self_describing_json.SelfDescribingJson object at 0x000001D70097AA50>, <snowplow_tracker.self_describing_json.SelfDescribingJson object at 0x000001D70097BAD0>, <snowplow_tracker.self_describing_json.SelfDescribingJson object at 0x000001D700968510>]}
[0m15:55:46.730358 [debug] [MainThread]: Flushing usage events
[0m15:55:48.069941 [debug] [MainThread]: An error was encountered while trying to flush usage events
[0m17:33:52.184776 [debug] [MainThread]: Sending event: {'category': 'dbt', 'action': 'invocation', 'label': 'start', 'context': [<snowplow_tracker.self_describing_json.SelfDescribingJson object at 0x0000017263F77890>, <snowplow_tracker.self_describing_json.SelfDescribingJson object at 0x0000017263EAF590>, <snowplow_tracker.self_describing_json.SelfDescribingJson object at 0x0000017263EACC10>]}


============================== 17:33:52.200698 | 01ba617c-2634-4cd7-bf8e-2b3190e569e7 ==============================
[0m17:33:52.200698 [info ] [MainThread]: Running with dbt=1.12.4
[0m17:33:52.200698 [debug] [MainThread]: running dbt with arguments {'static_parser': 'True', 'no_print': 'None', 'maximum_seed_size_mib': '1', 'warn_error_options': 'WarnErrorOptionsV2(error=[], warn=[], silence=[])', 'version_check': 'True', 'target_path': 'None', 'printer_width': '80', 'write_json': 'True', 'introspect': 'True', 'log_cache_events': 'False', 'empty': 'None', 'cache_selected_only': 'False', 'log_format': 'default', 'debug': 'False', 'fail_fast': 'False', 'profiles_dir': 'C:\\Users\\Chandana S\\.dbt', 'send_anonymous_usage_stats': 'True', 'quiet': 'False', 'warn_error': 'None', 'partial_parse': 'True', 'invocation_command': 'dbt debug', 'hints_enabled': 'True', 'use_colors': 'True', 'use_experimental_parser': 'False', 'indirect_selection': 'eager', 'log_path': 'logs'}
[0m17:33:52.438141 [info ] [MainThread]: dbt version: 1.12.4
[0m17:33:52.438141 [info ] [MainThread]: python version: 3.11.9
[0m17:33:52.438141 [info ] [MainThread]: python path: C:\Users\Chandana S\OneDrive\Desktop\zomato\.venv\Scripts\python.exe
[0m17:33:52.438141 [info ] [MainThread]: os info: Windows-10-10.0.26100-SP0
[0m17:33:58.532974 [debug] [MainThread]: Snowflake adapter: Setting snowflake.connector to ERROR (file logging only)
[0m17:33:58.532974 [debug] [MainThread]: Snowflake adapter: Setting botocore to ERROR (file logging only)
[0m17:33:58.532974 [debug] [MainThread]: Snowflake adapter: Setting boto3 to ERROR (file logging only)
[0m17:34:03.182447 [info ] [MainThread]: Using profiles dir at C:\Users\Chandana S\.dbt
[0m17:34:03.182447 [info ] [MainThread]: Using profiles.yml file at C:\Users\Chandana S\.dbt\profiles.yml
[0m17:34:03.182447 [info ] [MainThread]: Using dbt_project.yml file at C:\Users\Chandana S\OneDrive\Desktop\zomato\dbt_project.yml
[0m17:34:03.185038 [info ] [MainThread]: adapter type: snowflake
[0m17:34:03.185038 [info ] [MainThread]: adapter version: 1.12.0
[0m17:34:03.185038 [info ] [MainThread]: Configuration:
[0m17:34:03.201489 [info ] [MainThread]:   profiles.yml file [[32mOK found and valid[0m]
[0m17:34:03.204291 [info ] [MainThread]:   dbt_project.yml file [[31mERROR not found[0m]
[0m17:34:03.206400 [info ] [MainThread]: Required dependencies:
[0m17:34:03.206400 [debug] [MainThread]: Executing "git --help"
[0m17:34:03.261269 [debug] [MainThread]: STDOUT: "b"usage: git [-v | --version] [-h | --help] [-C <path>] [-c <name>=<value>]\n           [--exec-path[=<path>]] [--html-path] [--man-path] [--info-path]\n           [-p | --paginate | -P | --no-pager] [--no-replace-objects] [--no-lazy-fetch]\n           [--no-optional-locks] [--no-advice] [--bare] [--git-dir=<path>]\n           [--work-tree=<path>] [--namespace=<name>] [--config-env=<name>=<envvar>]\n           <command> [<args>]\n\nThese are common Git commands used in various situations:\n\nstart a working area (see also: git help tutorial)\n   clone      Clone a repository into a new directory\n   init       Create an empty Git repository or reinitialize an existing one\n\nwork on the current change (see also: git help everyday)\n   add        Add file contents to the index\n   mv         Move or rename a file, a directory, or a symlink\n   restore    Restore working tree files\n   rm         Remove files from the working tree and from the index\n\nexamine the history and state (see also: git help revisions)\n   bisect     Use binary search to find the commit that introduced a bug\n   diff       Show changes between commits, commit and working tree, etc\n   grep       Print lines matching a pattern\n   log        Show commit logs\n   show       Show various types of objects\n   status     Show the working tree status\n\ngrow, mark and tweak your common history\n   backfill   Download missing objects in a partial clone\n   branch     List, create, or delete branches\n   commit     Record changes to the repository\n   merge      Join two or more development histories together\n   rebase     Reapply commits on top of another base tip\n   reset      Reset current HEAD to the specified state\n   switch     Switch branches\n   tag        Create, list, delete or verify a tag object signed with GPG\n\ncollaborate (see also: git help workflows)\n   fetch      Download objects and refs from another repository\n   pull       Fetch from and integrate with another repository or a local branch\n   push       Update remote refs along with associated objects\n\n'git help -a' and 'git help -g' list available subcommands and some\nconcept guides. See 'git help <command>' or 'git help <concept>'\nto read about a specific subcommand or concept.\nSee 'git help git' for an overview of the system.\n""
[0m17:34:03.262211 [debug] [MainThread]: STDERR: "b''"
[0m17:34:03.262211 [info ] [MainThread]:  - git [[32mOK found[0m]

[0m17:34:03.262211 [info ] [MainThread]: Connection:
[0m17:34:03.262211 [info ] [MainThread]:   account: TWTBREF-NI08264
[0m17:34:03.262211 [info ] [MainThread]:   user: CHANDANAS336
[0m17:34:03.262211 [info ] [MainThread]:   database: ZOMATO
[0m17:34:03.262211 [info ] [MainThread]:   warehouse: ZOMATO_WH
[0m17:34:03.262211 [info ] [MainThread]:   role: DBT_ROLE
[0m17:34:03.262211 [info ] [MainThread]:   schema: STAGING
[0m17:34:03.262211 [info ] [MainThread]:   authenticator: None
[0m17:34:03.262211 [info ] [MainThread]:   oauth_client_id: None
[0m17:34:03.262211 [info ] [MainThread]:   query_tag: None
[0m17:34:03.262211 [info ] [MainThread]:   client_session_keep_alive: False
[0m17:34:03.269663 [info ] [MainThread]:   host: None
[0m17:34:03.269663 [info ] [MainThread]:   port: None
[0m17:34:03.269663 [info ] [MainThread]:   proxy_host: None
[0m17:34:03.269663 [info ] [MainThread]:   proxy_port: None
[0m17:34:03.269663 [info ] [MainThread]:   protocol: None
[0m17:34:03.269663 [info ] [MainThread]:   connect_retries: 1
[0m17:34:03.269663 [info ] [MainThread]:   connect_timeout: None
[0m17:34:03.269663 [info ] [MainThread]:   retry_on_database_errors: False
[0m17:34:03.269663 [info ] [MainThread]:   retry_all: False
[0m17:34:03.274798 [info ] [MainThread]:   insecure_mode: False
[0m17:34:03.274798 [info ] [MainThread]:   reuse_connections: True
[0m17:34:03.274798 [info ] [MainThread]:   s3_stage_vpce_dns_name: None
[0m17:34:03.274798 [info ] [MainThread]:   workload_identity_provider: None
[0m17:34:03.278073 [info ] [MainThread]:   workload_identity_entra_resource: None
[0m17:34:03.278073 [info ] [MainThread]:   platform_detection_timeout_seconds: 0.0
[0m17:34:03.278073 [info ] [MainThread]: Registered adapter: snowflake=1.12.0
[0m17:34:03.777338 [debug] [MainThread]: Acquiring new snowflake connection 'debug'
[0m17:34:03.789394 [debug] [MainThread]: Using snowflake connection "debug"
[0m17:34:03.793656 [debug] [MainThread]: On debug: select 1 as id
[0m17:34:03.794501 [debug] [MainThread]: Opening a new connection, currently in state init
[0m17:34:05.346906 [debug] [MainThread]: Snowflake adapter: Error running SQL: select 1 as id
[0m17:34:05.346906 [debug] [MainThread]: Snowflake adapter: Rolling back transaction.
[0m17:34:05.346906 [info ] [MainThread]:   Connection test: [[31mERROR[0m]

[0m17:34:05.346906 [info ] [MainThread]: [31m2 checks failed:[0m
[0m17:34:05.346906 [info ] [MainThread]: Project loading failed for the following reason:
 project path <C:\Users\Chandana S\OneDrive\Desktop\zomato\dbt_project.yml> not found

[0m17:34:05.346906 [info ] [MainThread]: dbt was unable to connect to the specified database.
The database returned the following error:

  >Database Error
  390100 (28000): Failed to connect to DB: TWTBREF-NI08264.snowflakecomputing.com:443. Incorrect username or password was specified. [1046d6b8-56ca-4be0-9001-7dbf2147b36d]

Check your database credentials and try again. For more information, visit:
https://docs.getdbt.com/docs/configure-your-profile


[0m17:34:05.346906 [debug] [MainThread]: Command `dbt debug` failed at 17:34:05.346906 after 13.30 seconds
[0m17:34:05.346906 [debug] [MainThread]: Connection 'debug' was left open.
[0m17:34:05.346906 [debug] [MainThread]: On debug: No close available on handle
[0m17:34:05.346906 [debug] [MainThread]: Sending event: {'category': 'dbt', 'action': 'invocation', 'label': 'end', 'context': [<snowplow_tracker.self_describing_json.SelfDescribingJson object at 0x000001725EB2AF50>, <snowplow_tracker.self_describing_json.SelfDescribingJson object at 0x00000172663F6D50>, <snowplow_tracker.self_describing_json.SelfDescribingJson object at 0x000001726675AD90>]}
[0m17:34:05.346906 [debug] [MainThread]: Flushing usage events
[0m17:34:07.016070 [debug] [MainThread]: An error was encountered while trying to flush usage events
[0m15:27:58.333206 [debug] [MainThread]: Sending event: {'category': 'dbt', 'action': 'invocation', 'label': 'start', 'context': [<snowplow_tracker.self_describing_json.SelfDescribingJson object at 0x0000021F33A7C210>, <snowplow_tracker.self_describing_json.SelfDescribingJson object at 0x0000021F33A7CBD0>, <snowplow_tracker.self_describing_json.SelfDescribingJson object at 0x0000021F33B1B090>]}


============================== 15:27:58.353232 | 2ae7c6ab-668b-408c-a4ed-dec73497891a ==============================
[0m15:27:58.353232 [info ] [MainThread]: Running with dbt=1.12.4
[0m15:27:58.354739 [debug] [MainThread]: running dbt with arguments {'maximum_seed_size_mib': '1', 'no_print': 'None', 'static_parser': 'True', 'warn_error_options': 'WarnErrorOptionsV2(error=[], warn=[], silence=[])', 'target_path': 'None', 'version_check': 'True', 'printer_width': '80', 'write_json': 'True', 'introspect': 'True', 'log_cache_events': 'False', 'empty': 'False', 'cache_selected_only': 'False', 'log_format': 'default', 'debug': 'False', 'fail_fast': 'False', 'partial_parse': 'True', 'send_anonymous_usage_stats': 'True', 'quiet': 'False', 'warn_error': 'None', 'profiles_dir': 'C:\\Users\\Chandana S\\.dbt', 'invocation_command': 'dbt run --select marts', 'hints_enabled': 'True', 'indirect_selection': 'eager', 'use_experimental_parser': 'False', 'use_colors': 'True', 'log_path': 'logs'}
[0m15:27:58.354739 [error] [MainThread]: [[31mERROR[0m]: Encountered an error:
Runtime Error
  No dbt_project.yml found at expected path C:\Users\Chandana S\OneDrive\Desktop\zomato\dbt_project.yml
  Verify that each entry within packages.yml (and their transitive dependencies) contains a file named dbt_project.yml
  
[0m15:27:58.355747 [debug] [MainThread]: Command `dbt run` failed at 15:27:58.355747 after 0.14 seconds
[0m15:27:58.355747 [debug] [MainThread]: Sending event: {'category': 'dbt', 'action': 'invocation', 'label': 'end', 'context': [<snowplow_tracker.self_describing_json.SelfDescribingJson object at 0x0000021F33A77810>, <snowplow_tracker.self_describing_json.SelfDescribingJson object at 0x0000021F33A84610>, <snowplow_tracker.self_describing_json.SelfDescribingJson object at 0x0000021F33A87FD0>]}
[0m15:27:58.356773 [debug] [MainThread]: Flushing usage events
[0m15:27:59.607864 [debug] [MainThread]: An error was encountered while trying to flush usage events
[0m15:29:43.277132 [debug] [MainThread]: Sending event: {'category': 'dbt', 'action': 'invocation', 'label': 'start', 'context': [<snowplow_tracker.self_describing_json.SelfDescribingJson object at 0x000002BA506ACE10>, <snowplow_tracker.self_describing_json.SelfDescribingJson object at 0x000002BA506C7E10>, <snowplow_tracker.self_describing_json.SelfDescribingJson object at 0x000002BA506CC1D0>]}


============================== 15:29:43.277132 | aa8ca585-53ce-44a2-ae20-a0d89ac0f308 ==============================
[0m15:29:43.277132 [info ] [MainThread]: Running with dbt=1.12.4
[0m15:29:43.277132 [debug] [MainThread]: running dbt with arguments {'maximum_seed_size_mib': '1', 'no_print': 'None', 'version_check': 'True', 'warn_error_options': 'WarnErrorOptionsV2(error=[], warn=[], silence=[])', 'target_path': 'None', 'static_parser': 'True', 'printer_width': '80', 'write_json': 'True', 'empty': 'False', 'log_cache_events': 'False', 'introspect': 'True', 'cache_selected_only': 'False', 'fail_fast': 'False', 'debug': 'False', 'log_format': 'default', 'profiles_dir': 'C:\\Users\\Chandana S\\.dbt', 'send_anonymous_usage_stats': 'True', 'quiet': 'False', 'warn_error': 'None', 'partial_parse': 'True', 'use_colors': 'True', 'hints_enabled': 'True', 'invocation_command': 'dbt run --select staging', 'use_experimental_parser': 'False', 'indirect_selection': 'eager', 'log_path': 'logs'}
[0m15:29:43.277132 [error] [MainThread]: [[31mERROR[0m]: Encountered an error:
Runtime Error
  No dbt_project.yml found at expected path C:\Users\Chandana S\OneDrive\Desktop\zomato\dbt_project.yml
  Verify that each entry within packages.yml (and their transitive dependencies) contains a file named dbt_project.yml
  
[0m15:29:43.277132 [debug] [MainThread]: Command `dbt run` failed at 15:29:43.277132 after 0.12 seconds
[0m15:29:43.277132 [debug] [MainThread]: Sending event: {'category': 'dbt', 'action': 'invocation', 'label': 'end', 'context': [<snowplow_tracker.self_describing_json.SelfDescribingJson object at 0x000002BA5077D150>, <snowplow_tracker.self_describing_json.SelfDescribingJson object at 0x000002BA50777550>, <snowplow_tracker.self_describing_json.SelfDescribingJson object at 0x000002BA50777810>]}
[0m15:29:43.277132 [debug] [MainThread]: Flushing usage events
[0m15:29:44.465722 [debug] [MainThread]: An error was encountered while trying to flush usage events
