{"timestamp":"2026-09-11T08:45:59.793069","level":"info","event":"DAG bundles loaded: dags-folder","logger":"airflow.dag_processing.bundles.manager.DagBundlesManager"}
{"timestamp":"2026-09-11T08:45:59.793800","level":"info","event":"Filling up the DagBag from /opt/airflow/dags/zomato_batch.py","logger":"airflow.models.dagbag.DagBag"}
{"timestamp":"2026-09-11T08:46:00.176851","level":"info","event":"Tmp dir root location: /tmp","logger":"airflow.task.hooks.airflow.providers.standard.hooks.subprocess.SubprocessHook"}
{"timestamp":"2026-09-11T08:46:00.177521","level":"info","event":"Running command: ['/usr/bin/bash', '-c', '/opt/airflow/dbt_venv/bin/dbt build --exclude tag:ai --project-dir /opt/airflow/dbt/zomato --profiles-dir /opt/airflow/dbt/zomato']","logger":"airflow.task.hooks.airflow.providers.standard.hooks.subprocess.SubprocessHook"}
{"timestamp":"2026-09-11T08:46:00.184419","level":"info","event":"Output:","logger":"airflow.task.hooks.airflow.providers.standard.hooks.subprocess.SubprocessHook"}
{"timestamp":"2026-09-11T08:46:02.211707","level":"info","event":"\u001b[0m08:46:02  Running with dbt=1.12.4","logger":"airflow.task.hooks.airflow.providers.standard.hooks.subprocess.SubprocessHook"}
{"timestamp":"2026-09-11T08:46:02.817147","level":"info","event":"\u001b[0m08:46:02  Registered adapter: snowflake=1.8.4","logger":"airflow.task.hooks.airflow.providers.standard.hooks.subprocess.SubprocessHook"}
{"timestamp":"2026-09-11T08:46:03.009829","level":"info","event":"\u001b[0m08:46:03  Unable to do partial parsing because profile has changed","logger":"airflow.task.hooks.airflow.providers.standard.hooks.subprocess.SubprocessHook"}
{"timestamp":"2026-09-11T08:46:04.477311","level":"info","event":"\u001b[0m08:46:04  [\u001b[33mWARNING\u001b[0m][MissingArgumentsPropertyInGenericTestDeprecation]: Deprecated","logger":"airflow.task.hooks.airflow.providers.standard.hooks.subprocess.SubprocessHook"}
{"timestamp":"2026-09-11T08:46:04.477460","level":"info","event":"functionality","logger":"airflow.task.hooks.airflow.providers.standard.hooks.subprocess.SubprocessHook"}
{"timestamp":"2026-09-11T08:46:04.477499","level":"info","event":"Found top-level arguments to test `relationships` defined on 'fct_orders' in","logger":"airflow.task.hooks.airflow.providers.standard.hooks.subprocess.SubprocessHook"}
{"timestamp":"2026-09-11T08:46:04.477530","level":"info","event":"package 'zomato' (models/marts/_marts.yml). Arguments to generic tests should be","logger":"airflow.task.hooks.airflow.providers.standard.hooks.subprocess.SubprocessHook"}
{"timestamp":"2026-09-11T08:46:04.477557","level":"info","event":"nested under the `arguments` property.","logger":"airflow.task.hooks.airflow.providers.standard.hooks.subprocess.SubprocessHook"}
{"timestamp":"2026-09-11T08:46:04.677441","level":"info","event":"\u001b[0m08:46:04  [\u001b[33mWARNING\u001b[0m]: Configuration paths exist in your dbt_project.yml file which do not apply to any resources.","logger":"airflow.task.hooks.airflow.providers.standard.hooks.subprocess.SubprocessHook"}
{"timestamp":"2026-09-11T08:46:04.677564","level":"info","event":"There are 1 unused configuration paths:","logger":"airflow.task.hooks.airflow.providers.standard.hooks.subprocess.SubprocessHook"}
{"timestamp":"2026-09-11T08:46:04.677603","level":"info","event":"- models.zomato.example","logger":"airflow.task.hooks.airflow.providers.standard.hooks.subprocess.SubprocessHook"}
{"timestamp":"2026-09-11T08:46:04.998631","level":"info","event":"\u001b[0m08:46:04  Found 17 models, 16 data tests, 8 sources, 506 macros","logger":"airflow.task.hooks.airflow.providers.standard.hooks.subprocess.SubprocessHook"}
{"timestamp":"2026-09-11T08:46:05.002973","level":"info","event":"\u001b[0m08:46:05","logger":"airflow.task.hooks.airflow.providers.standard.hooks.subprocess.SubprocessHook"}
{"timestamp":"2026-09-11T08:46:05.010286","level":"info","event":"\u001b[0m08:46:05  Concurrency: 8 threads (target='dev')","logger":"airflow.task.hooks.airflow.providers.standard.hooks.subprocess.SubprocessHook"}
{"timestamp":"2026-09-11T08:46:05.019634","level":"info","event":"\u001b[0m08:46:05","logger":"airflow.task.hooks.airflow.providers.standard.hooks.subprocess.SubprocessHook"}
{"timestamp":"2026-09-11T08:46:09.685287","level":"info","event":"\u001b[0m08:46:09  1 of 32 START sql view model STAGING.dim_date .................................. [RUN]","logger":"airflow.task.hooks.airflow.providers.standard.hooks.subprocess.SubprocessHook"}
{"timestamp":"2026-09-11T08:46:09.687108","level":"info","event":"\u001b[0m08:46:09  2 of 32 START sql view model STAGING.stg_food .................................. [RUN]","logger":"airflow.task.hooks.airflow.providers.standard.hooks.subprocess.SubprocessHook"}
{"timestamp":"2026-09-11T08:46:09.687836","level":"info","event":"\u001b[0m08:46:09  3 of 32 START sql view model STAGING.stg_menu .................................. [RUN]","logger":"airflow.task.hooks.airflow.providers.standard.hooks.subprocess.SubprocessHook"}
{"timestamp":"2026-09-11T08:46:09.689107","level":"info","event":"\u001b[0m08:46:09  5 of 32 START sql view model STAGING.stg_orders ................................ [RUN]","logger":"airflow.task.hooks.airflow.providers.standard.hooks.subprocess.SubprocessHook"}
{"timestamp":"2026-09-11T08:46:09.689732","level":"info","event":"\u001b[0m08:46:09  4 of 32 START sql view model STAGING.stg_order_items ........................... [RUN]","logger":"airflow.task.hooks.airflow.providers.standard.hooks.subprocess.SubprocessHook"}
{"timestamp":"2026-09-11T08:46:09.690262","level":"info","event":"\u001b[0m08:46:09  6 of 32 START sql view model STAGING.stg_restaurants ........................... [RUN]","logger":"airflow.task.hooks.airflow.providers.standard.hooks.subprocess.SubprocessHook"}
{"timestamp":"2026-09-11T08:46:09.691610","level":"info","event":"\u001b[0m08:46:09  7 of 32 START sql view model STAGING.stg_users ................................. [RUN]","logger":"airflow.task.hooks.airflow.providers.standard.hooks.subprocess.SubprocessHook"}
{"timestamp":"2026-09-11T08:46:11.279770","level":"info","event":"\u001b[0m08:46:11  1 of 32 OK created sql view model STAGING.dim_date ............................. [\u001b[32mSUCCESS 1\u001b[0m in 1.59s]","logger":"airflow.task.hooks.airflow.providers.standard.hooks.subprocess.SubprocessHook"}
{"timestamp":"2026-09-11T08:46:11.594108","level":"info","event":"\u001b[0m08:46:11  2 of 32 OK created sql view model STAGING.stg_food ............................. [\u001b[32mSUCCESS 1\u001b[0m in 1.90s]","logger":"airflow.task.hooks.airflow.providers.standard.hooks.subprocess.SubprocessHook"}
{"timestamp":"2026-09-11T08:46:11.597471","level":"info","event":"\u001b[0m08:46:11  8 of 32 START sql view model STAGING.dim_food .................................. [RUN]","logger":"airflow.task.hooks.airflow.providers.standard.hooks.subprocess.SubprocessHook"}
{"timestamp":"2026-09-11T08:46:11.604522","level":"info","event":"\u001b[0m08:46:11  4 of 32 OK created sql view model STAGING.stg_order_items ...................... [\u001b[32mSUCCESS 1\u001b[0m in 1.91s]","logger":"airflow.task.hooks.airflow.providers.standard.hooks.subprocess.SubprocessHook"}
{"timestamp":"2026-09-11T08:46:11.607326","level":"info","event":"\u001b[0m08:46:11  9 of 32 START test not_null_stg_order_items_order_item_id ...................... [RUN]","logger":"airflow.task.hooks.airflow.providers.standard.hooks.subprocess.SubprocessHook"}
{"timestamp":"2026-09-11T08:46:11.608664","level":"info","event":"\u001b[0m08:46:11  10 of 32 START test unique_stg_order_items_order_item_id ....................... [RUN]","logger":"airflow.task.hooks.airflow.providers.standard.hooks.subprocess.SubprocessHook"}
{"timestamp":"2026-09-11T08:46:11.830861","level":"info","event":"\u001b[0m08:46:11  3 of 32 OK created sql view model STAGING.stg_menu ............................. [\u001b[32mSUCCESS 1\u001b[0m in 2.14s]","logger":"airflow.task.hooks.airflow.providers.standard.hooks.subprocess.SubprocessHook"}
{"timestamp":"2026-09-11T08:46:11.834777","level":"info","event":"\u001b[0m08:46:11  7 of 32 OK created sql view model STAGING.stg_users ............................ [\u001b[32mSUCCESS 1\u001b[0m in 2.14s]","logger":"airflow.task.hooks.airflow.providers.standard.hooks.subprocess.SubprocessHook"}
{"timestamp":"2026-09-11T08:46:11.838288","level":"info","event":"\u001b[0m08:46:11  11 of 32 START test not_null_stg_users_customer_id ............................. [RUN]","logger":"airflow.task.hooks.airflow.providers.standard.hooks.subprocess.SubprocessHook"}
{"timestamp":"2026-09-11T08:46:11.840245","level":"info","event":"\u001b[0m08:46:11  12 of 32 START test unique_stg_users_customer_id ............................... [RUN]","logger":"airflow.task.hooks.airflow.providers.standard.hooks.subprocess.SubprocessHook"}
{"timestamp":"2026-09-11T08:46:12.636403","level":"info","event":"\u001b[0m08:46:12  5 of 32 OK created sql view model STAGING.stg_orders ........................... [\u001b[32mSUCCESS 1\u001b[0m in 2.94s]","logger":"airflow.task.hooks.airflow.providers.standard.hooks.subprocess.SubprocessHook"}
{"timestamp":"2026-09-11T08:46:12.639345","level":"info","event":"\u001b[0m08:46:12  13 of 32 START test not_null_stg_orders_customer_id ............................ [RUN]","logger":"airflow.task.hooks.airflow.providers.standard.hooks.subprocess.SubprocessHook"}
{"timestamp":"2026-09-11T08:46:12.640059","level":"info","event":"\u001b[0m08:46:12  14 of 32 START test not_null_stg_orders_order_id ............................... [RUN]","logger":"airflow.task.hooks.airflow.providers.standard.hooks.subprocess.SubprocessHook"}
{"timestamp":"2026-09-11T08:46:12.812391","level":"info","event":"\u001b[0m08:46:12  6 of 32 OK created sql view model STAGING.stg_restaurants ...................... [\u001b[32mSUCCESS 1\u001b[0m in 3.12s]","logger":"airflow.task.hooks.airflow.providers.standard.hooks.subprocess.SubprocessHook"}
{"timestamp":"2026-09-11T08:46:12.814814","level":"info","event":"\u001b[0m08:46:12  15 of 32 START test not_null_stg_orders_restaurant_id .......................... [RUN]","logger":"airflow.task.hooks.airflow.providers.standard.hooks.subprocess.SubprocessHook"}
{"timestamp":"2026-09-11T08:46:13.252108","level":"info","event":"\u001b[0m08:46:13  8 of 32 OK created sql view model STAGING.dim_food ............................. [\u001b[32mSUCCESS 1\u001b[0m in 1.65s]","logger":"airflow.task.hooks.airflow.providers.standard.hooks.subprocess.SubprocessHook"}
{"timestamp":"2026-09-11T08:46:13.254066","level":"info","event":"\u001b[0m08:46:13  16 of 32 START test unique_stg_orders_order_id ................................. [RUN]","logger":"airflow.task.hooks.airflow.providers.standard.hooks.subprocess.SubprocessHook"}
{"timestamp":"2026-09-11T08:46:13.391368","level":"info","event":"\u001b[0m08:46:13  11 of 32 PASS not_null_stg_users_customer_id ................................... [\u001b[32mPASS\u001b[0m in 1.55s]","logger":"airflow.task.hooks.airflow.providers.standard.hooks.subprocess.SubprocessHook"}
{"timestamp":"2026-09-11T08:46:13.393736","level":"info","event":"\u001b[0m08:46:13  17 of 32 START test not_null_stg_restaurants_restaurant_id ..................... [RUN]","logger":"airflow.task.hooks.airflow.providers.standard.hooks.subprocess.SubprocessHook"}
{"timestamp":"2026-09-11T08:46:13.450586","level":"info","event":"\u001b[0m08:46:13  9 of 32 PASS not_null_stg_order_items_order_item_id ............................ [\u001b[32mPASS\u001b[0m in 1.84s]","logger":"airflow.task.hooks.airflow.providers.standard.hooks.subprocess.SubprocessHook"}
{"timestamp":"2026-09-11T08:46:13.453103","level":"info","event":"\u001b[0m08:46:13  18 of 32 START test unique_stg_restaurants_restaurant_id ....................... [RUN]","logger":"airflow.task.hooks.airflow.providers.standard.hooks.subprocess.SubprocessHook"}
{"timestamp":"2026-09-11T08:46:13.600882","level":"info","event":"\u001b[0m08:46:13  12 of 32 PASS unique_stg_users_customer_id ..................................... [\u001b[32mPASS\u001b[0m in 1.75s]","logger":"airflow.task.hooks.airflow.providers.standard.hooks.subprocess.SubprocessHook"}
{"timestamp":"2026-09-11T08:46:13.603469","level":"info","event":"\u001b[0m08:46:13  19 of 32 START sql view model STAGING.dim_customer ............................. [RUN]","logger":"airflow.task.hooks.airflow.providers.standard.hooks.subprocess.SubprocessHook"}
{"timestamp":"2026-09-11T08:46:13.685268","level":"info","event":"\u001b[0m08:46:13  10 of 32 PASS unique_stg_order_items_order_item_id ............................. [\u001b[32mPASS\u001b[0m in 2.07s]","logger":"airflow.task.hooks.airflow.providers.standard.hooks.subprocess.SubprocessHook"}
{"timestamp":"2026-09-11T08:46:14.100754","level":"info","event":"\u001b[0m08:46:14  13 of 32 PASS not_null_stg_orders_customer_id .................................. [\u001b[32mPASS\u001b[0m in 1.46s]","logger":"airflow.task.hooks.airflow.providers.standard.hooks.subprocess.SubprocessHook"}
{"timestamp":"2026-09-11T08:46:14.236462","level":"info","event":"\u001b[0m08:46:14  14 of 32 PASS not_null_stg_orders_order_id ..................................... [\u001b[32mPASS\u001b[0m in 1.59s]","logger":"airflow.task.hooks.airflow.providers.standard.hooks.subprocess.SubprocessHook"}
{"timestamp":"2026-09-11T08:46:14.276080","level":"info","event":"\u001b[0m08:46:14  15 of 32 PASS not_null_stg_orders_restaurant_id ................................ [\u001b[32mPASS\u001b[0m in 1.46s]","logger":"airflow.task.hooks.airflow.providers.standard.hooks.subprocess.SubprocessHook"}
{"timestamp":"2026-09-11T08:46:14.852038","level":"info","event":"\u001b[0m08:46:14  17 of 32 PASS not_null_stg_restaurants_restaurant_id ........................... [\u001b[32mPASS\u001b[0m in 1.46s]","logger":"airflow.task.hooks.airflow.providers.standard.hooks.subprocess.SubprocessHook"}
{"timestamp":"2026-09-11T08:46:14.968816","level":"info","event":"\u001b[0m08:46:14  16 of 32 PASS unique_stg_orders_order_id ....................................... [\u001b[32mPASS\u001b[0m in 1.71s]","logger":"airflow.task.hooks.airflow.providers.standard.hooks.subprocess.SubprocessHook"}
{"timestamp":"2026-09-11T08:46:14.971574","level":"info","event":"\u001b[0m08:46:14  20 of 32 START sql incremental model STAGING.fact_order_items .................. [RUN]","logger":"airflow.task.hooks.airflow.providers.standard.hooks.subprocess.SubprocessHook"}
{"timestamp":"2026-09-11T08:46:14.972216","level":"info","event":"\u001b[0m08:46:14  21 of 32 START sql incremental model STAGING.fct_orders ........................ [RUN]","logger":"airflow.task.hooks.airflow.providers.standard.hooks.subprocess.SubprocessHook"}
{"timestamp":"2026-09-11T08:46:15.110267","level":"info","event":"\u001b[0m08:46:15  18 of 32 PASS unique_stg_restaurants_restaurant_id ............................. [\u001b[32mPASS\u001b[0m in 1.66s]","logger":"airflow.task.hooks.airflow.providers.standard.hooks.subprocess.SubprocessHook"}
{"timestamp":"2026-09-11T08:46:15.111859","level":"info","event":"\u001b[0m08:46:15  19 of 32 OK created sql view model STAGING.dim_customer ........................ [\u001b[32mSUCCESS 1\u001b[0m in 1.51s]","logger":"airflow.task.hooks.airflow.providers.standard.hooks.subprocess.SubprocessHook"}
{"timestamp":"2026-09-11T08:46:15.116011","level":"info","event":"\u001b[0m08:46:15  22 of 32 START sql view model STAGING.dim_restaurants .......................... [RUN]","logger":"airflow.task.hooks.airflow.providers.standard.hooks.subprocess.SubprocessHook"}
{"timestamp":"2026-09-11T08:46:15.116919","level":"info","event":"\u001b[0m08:46:15  23 of 32 START sql view model STAGING.stg_reviews .............................. [RUN]","logger":"airflow.task.hooks.airflow.providers.standard.hooks.subprocess.SubprocessHook"}
{"timestamp":"2026-09-11T08:46:16.592196","level":"info","event":"\u001b[0m08:46:16  22 of 32 OK created sql view model STAGING.dim_restaurants ..................... [\u001b[32mSUCCESS 1\u001b[0m in 1.47s]","logger":"airflow.task.hooks.airflow.providers.standard.hooks.subprocess.SubprocessHook"}
{"timestamp":"2026-09-11T08:46:16.628522","level":"info","event":"\u001b[0m08:46:16  23 of 32 OK created sql view model STAGING.stg_reviews ......................... [\u001b[32mSUCCESS 1\u001b[0m in 1.51s]","logger":"airflow.task.hooks.airflow.providers.standard.hooks.subprocess.SubprocessHook"}
{"timestamp":"2026-09-11T08:46:16.630717","level":"info","event":"\u001b[0m08:46:16  24 of 32 START test not_null_stg_reviews_review_id ............................. [RUN]","logger":"airflow.task.hooks.airflow.providers.standard.hooks.subprocess.SubprocessHook"}
{"timestamp":"2026-09-11T08:46:16.631214","level":"info","event":"\u001b[0m08:46:16  25 of 32 START test unique_stg_reviews_review_id ............................... [RUN]","logger":"airflow.task.hooks.airflow.providers.standard.hooks.subprocess.SubprocessHook"}
{"timestamp":"2026-09-11T08:46:18.356881","level":"info","event":"\u001b[0m08:46:18  25 of 32 PASS unique_stg_reviews_review_id ..................................... [\u001b[32mPASS\u001b[0m in 1.72s]","logger":"airflow.task.hooks.airflow.providers.standard.hooks.subprocess.SubprocessHook"}
{"timestamp":"2026-09-11T08:46:18.358059","level":"info","event":"\u001b[0m08:46:18  24 of 32 PASS not_null_stg_reviews_review_id ................................... [\u001b[32mPASS\u001b[0m in 1.73s]","logger":"airflow.task.hooks.airflow.providers.standard.hooks.subprocess.SubprocessHook"}
{"timestamp":"2026-09-11T08:46:18.994135","level":"info","event":"\u001b[0m08:46:18  21 of 32 OK created sql incremental model STAGING.fct_orders ................... [\u001b[32mSUCCESS 0\u001b[0m in 4.02s]","logger":"airflow.task.hooks.airflow.providers.standard.hooks.subprocess.SubprocessHook"}
{"timestamp":"2026-09-11T08:46:18.997385","level":"info","event":"\u001b[0m08:46:18  26 of 32 START test accepted_values_fct_orders_order_status__Delivered__Cancelled__Refunded  [RUN]","logger":"airflow.task.hooks.airflow.providers.standard.hooks.subprocess.SubprocessHook"}
{"timestamp":"2026-09-11T08:46:18.998249","level":"info","event":"\u001b[0m08:46:18  27 of 32 START test not_null_fct_orders_order_id ............................... [RUN]","logger":"airflow.task.hooks.airflow.providers.standard.hooks.subprocess.SubprocessHook"}
{"timestamp":"2026-09-11T08:46:18.998782","level":"info","event":"\u001b[0m08:46:18  28 of 32 START test relationships_fct_orders_customer_id__customer_id__ref_dim_customer_  [RUN]","logger":"airflow.task.hooks.airflow.providers.standard.hooks.subprocess.SubprocessHook"}
{"timestamp":"2026-09-11T08:46:18.999302","level":"info","event":"\u001b[0m08:46:18  29 of 32 START test unique_fct_orders_order_id ................................. [RUN]","logger":"airflow.task.hooks.airflow.providers.standard.hooks.subprocess.SubprocessHook"}
{"timestamp":"2026-09-11T08:46:19.212859","level":"info","event":"\u001b[0m08:46:19  20 of 32 OK created sql incremental model STAGING.fact_order_items ............. [\u001b[32mSUCCESS 0\u001b[0m in 4.24s]","logger":"airflow.task.hooks.airflow.providers.standard.hooks.subprocess.SubprocessHook"}
{"timestamp":"2026-09-11T08:46:20.543071","level":"info","event":"\u001b[0m08:46:20  27 of 32 PASS not_null_fct_orders_order_id ..................................... [\u001b[32mPASS\u001b[0m in 1.54s]","logger":"airflow.task.hooks.airflow.providers.standard.hooks.subprocess.SubprocessHook"}
{"timestamp":"2026-09-11T08:46:20.727234","level":"info","event":"\u001b[0m08:46:20  26 of 32 PASS accepted_values_fct_orders_order_status__Delivered__Cancelled__Refunded  [\u001b[32mPASS\u001b[0m in 1.73s]","logger":"airflow.task.hooks.airflow.providers.standard.hooks.subprocess.SubprocessHook"}
{"timestamp":"2026-09-11T08:46:20.737669","level":"info","event":"\u001b[0m08:46:20  29 of 32 PASS unique_fct_orders_order_id ....................................... [\u001b[32mPASS\u001b[0m in 1.74s]","logger":"airflow.task.hooks.airflow.providers.standard.hooks.subprocess.SubprocessHook"}
{"timestamp":"2026-09-11T08:46:20.740561","level":"info","event":"\u001b[0m08:46:20  30 of 32 START sql view model STAGING.mart_daily_city_revenue .................. [RUN]","logger":"airflow.task.hooks.airflow.providers.standard.hooks.subprocess.SubprocessHook"}
{"timestamp":"2026-09-11T08:46:20.741354","level":"info","event":"\u001b[0m08:46:20  31 of 32 START sql view model STAGING.mart_delivery_sla ........................ [RUN]","logger":"airflow.task.hooks.airflow.providers.standard.hooks.subprocess.SubprocessHook"}
{"timestamp":"2026-09-11T08:46:20.741928","level":"info","event":"\u001b[0m08:46:20  32 of 32 START sql view model STAGING.mart_resturant_performance ............... [RUN]","logger":"airflow.task.hooks.airflow.providers.standard.hooks.subprocess.SubprocessHook"}
{"timestamp":"2026-09-11T08:46:20.909448","level":"info","event":"\u001b[0m08:46:20  28 of 32 PASS relationships_fct_orders_customer_id__customer_id__ref_dim_customer_  [\u001b[32mPASS\u001b[0m in 1.91s]","logger":"airflow.task.hooks.airflow.providers.standard.hooks.subprocess.SubprocessHook"}
{"timestamp":"2026-09-11T08:46:22.261005","level":"info","event":"\u001b[0m08:46:22  32 of 32 OK created sql view model STAGING.mart_resturant_performance .......... [\u001b[32mSUCCESS 1\u001b[0m in 1.52s]","logger":"airflow.task.hooks.airflow.providers.standard.hooks.subprocess.SubprocessHook"}
{"timestamp":"2026-09-11T08:46:22.360501","level":"info","event":"\u001b[0m08:46:22  30 of 32 OK created sql view model STAGING.mart_daily_city_revenue ............. [\u001b[32mSUCCESS 1\u001b[0m in 1.62s]","logger":"airflow.task.hooks.airflow.providers.standard.hooks.subprocess.SubprocessHook"}
{"timestamp":"2026-09-11T08:46:22.364332","level":"info","event":"\u001b[0m08:46:22  31 of 32 OK created sql view model STAGING.mart_delivery_sla ................... [\u001b[32mSUCCESS 1\u001b[0m in 1.62s]","logger":"airflow.task.hooks.airflow.providers.standard.hooks.subprocess.SubprocessHook"}
{"timestamp":"2026-09-11T08:46:22.371437","level":"info","event":"\u001b[0m08:46:22","logger":"airflow.task.hooks.airflow.providers.standard.hooks.subprocess.SubprocessHook"}
{"timestamp":"2026-09-11T08:46:22.371907","level":"info","event":"\u001b[0m08:46:22  Finished running 2 incremental models, 16 data tests, 14 view models in 0 hours 0 minutes and 17.35 seconds (17.35s).","logger":"airflow.task.hooks.airflow.providers.standard.hooks.subprocess.SubprocessHook"}
{"timestamp":"2026-09-11T08:46:22.474089","level":"info","event":"\u001b[0m08:46:22","logger":"airflow.task.hooks.airflow.providers.standard.hooks.subprocess.SubprocessHook"}
{"timestamp":"2026-09-11T08:46:22.474984","level":"info","event":"\u001b[0m08:46:22  \u001b[32mCompleted successfully\u001b[0m","logger":"airflow.task.hooks.airflow.providers.standard.hooks.subprocess.SubprocessHook"}
{"timestamp":"2026-09-11T08:46:22.475854","level":"info","event":"\u001b[0m08:46:22","logger":"airflow.task.hooks.airflow.providers.standard.hooks.subprocess.SubprocessHook"}
{"timestamp":"2026-09-11T08:46:22.476415","level":"info","event":"\u001b[0m08:46:22  Done. PASS=32 WARN=0 ERROR=0 SKIP=0 NO-OP=0 REUSED=0 TOTAL=32","logger":"airflow.task.hooks.airflow.providers.standard.hooks.subprocess.SubprocessHook"}
{"timestamp":"2026-09-11T08:46:22.477175","level":"info","event":"\u001b[0m08:46:22  [\u001b[33mWARNING\u001b[0m][DeprecationsSummary]: Deprecated functionality","logger":"airflow.task.hooks.airflow.providers.standard.hooks.subprocess.SubprocessHook"}
{"timestamp":"2026-09-11T08:46:22.477249","level":"info","event":"Summary of encountered deprecations:","logger":"airflow.task.hooks.airflow.providers.standard.hooks.subprocess.SubprocessHook"}
{"timestamp":"2026-09-11T08:46:22.477284","level":"info","event":"- MissingArgumentsPropertyInGenericTestDeprecation: 2 occurrences","logger":"airflow.task.hooks.airflow.providers.standard.hooks.subprocess.SubprocessHook"}
{"timestamp":"2026-09-11T08:46:22.477310","level":"info","event":"To see all deprecation instances instead of just the first occurrence of each,","logger":"airflow.task.hooks.airflow.providers.standard.hooks.subprocess.SubprocessHook"}
{"timestamp":"2026-09-11T08:46:22.477333","level":"info","event":"run command again with the `--show-all-deprecations` flag. You may also need to","logger":"airflow.task.hooks.airflow.providers.standard.hooks.subprocess.SubprocessHook"}
{"timestamp":"2026-09-11T08:46:22.477354","level":"info","event":"run with `--no-partial-parse` as some deprecations are only encountered during","logger":"airflow.task.hooks.airflow.providers.standard.hooks.subprocess.SubprocessHook"}
{"timestamp":"2026-09-11T08:46:22.477376","level":"info","event":"parsing.","logger":"airflow.task.hooks.airflow.providers.standard.hooks.subprocess.SubprocessHook"}
{"timestamp":"2026-09-11T08:46:23.960156","level":"info","event":"Command exited with return code 0","logger":"airflow.task.hooks.airflow.providers.standard.hooks.subprocess.SubprocessHook"}
{"timestamp":"2026-09-11T08:46:23.960810","level":"info","event":"Pushing xcom","ti":"RuntimeTaskInstance(id=UUID('01a08fa4-efdd-70f4-a83a-52bf85ea6502'), task_id='dbt_build_core', dag_id='zomato_batch', run_id='manual__2026-09-11T08:45:46.313331+00:00', try_number=1, map_index=-1, hostname='d86885f155e5', context_carrier=None, task=<Task(BashOperator): dbt_build_core>, bundle_instance=LocalDagBundle(name=dags-folder), max_tries=0, start_date=datetime.datetime(2026, 9, 11, 8, 45, 59, 756080, tzinfo=datetime.timezone.utc), end_date=None, state=<TaskInstanceState.RUNNING: 'running'>, is_mapped=False, rendered_map_index=None, log_url='http://localhost:8080/dags/zomato_batch/runs/manual__2026-09-11T08%3A45%3A46.313331%2B00%3A00/tasks/dbt_build_core?try_number=1')","logger":"task"}
