{"timestamp":"2026-09-11T11:40:40.006215","level":"info","event":"DAG bundles loaded: dags-folder","logger":"airflow.dag_processing.bundles.manager.DagBundlesManager"}
{"timestamp":"2026-09-11T11:40:40.007051","level":"info","event":"Filling up the DagBag from /opt/airflow/dags/zomato_batch.py","logger":"airflow.models.dagbag.DagBag"}
{"timestamp":"2026-09-11T11:40:40.123648","level":"info","event":"Tmp dir root location: /tmp","logger":"airflow.task.hooks.airflow.providers.standard.hooks.subprocess.SubprocessHook"}
{"timestamp":"2026-09-11T11:40:40.126528","level":"info","event":"Running command: ['/usr/bin/bash', '-c', '/opt/airflow/dbt_venv/bin/dbt build --exclude tag:ai --project-dir /opt/airflow/dbt/zomato --profiles-dir /opt/airflow/dbt/zomato']","logger":"airflow.task.hooks.airflow.providers.standard.hooks.subprocess.SubprocessHook"}
{"timestamp":"2026-09-11T11:40:40.137095","level":"info","event":"Output:","logger":"airflow.task.hooks.airflow.providers.standard.hooks.subprocess.SubprocessHook"}
{"timestamp":"2026-09-11T11:40:42.428522","level":"info","event":"\u001b[0m11:40:42  Running with dbt=1.12.4","logger":"airflow.task.hooks.airflow.providers.standard.hooks.subprocess.SubprocessHook"}
{"timestamp":"2026-09-11T11:40:43.064581","level":"info","event":"\u001b[0m11:40:43  Registered adapter: snowflake=1.8.4","logger":"airflow.task.hooks.airflow.providers.standard.hooks.subprocess.SubprocessHook"}
{"timestamp":"2026-09-11T11:40:43.584340","level":"info","event":"\u001b[0m11:40:43  [\u001b[33mWARNING\u001b[0m]: Configuration paths exist in your dbt_project.yml file which do not apply to any resources.","logger":"airflow.task.hooks.airflow.providers.standard.hooks.subprocess.SubprocessHook"}
{"timestamp":"2026-09-11T11:40:43.584590","level":"info","event":"There are 1 unused configuration paths:","logger":"airflow.task.hooks.airflow.providers.standard.hooks.subprocess.SubprocessHook"}
{"timestamp":"2026-09-11T11:40:43.584639","level":"info","event":"- models.zomato.example","logger":"airflow.task.hooks.airflow.providers.standard.hooks.subprocess.SubprocessHook"}
{"timestamp":"2026-09-11T11:40:43.819482","level":"info","event":"\u001b[0m11:40:43  Found 17 models, 16 data tests, 8 sources, 506 macros","logger":"airflow.task.hooks.airflow.providers.standard.hooks.subprocess.SubprocessHook"}
{"timestamp":"2026-09-11T11:40:43.822711","level":"info","event":"\u001b[0m11:40:43","logger":"airflow.task.hooks.airflow.providers.standard.hooks.subprocess.SubprocessHook"}
{"timestamp":"2026-09-11T11:40:43.823394","level":"info","event":"\u001b[0m11:40:43  Concurrency: 8 threads (target='dev')","logger":"airflow.task.hooks.airflow.providers.standard.hooks.subprocess.SubprocessHook"}
{"timestamp":"2026-09-11T11:40:43.824320","level":"info","event":"\u001b[0m11:40:43","logger":"airflow.task.hooks.airflow.providers.standard.hooks.subprocess.SubprocessHook"}
{"timestamp":"2026-09-11T11:40:47.610421","level":"info","event":"\u001b[0m11:40:47  1 of 32 START sql view model STAGING.dim_date .................................. [RUN]","logger":"airflow.task.hooks.airflow.providers.standard.hooks.subprocess.SubprocessHook"}
{"timestamp":"2026-09-11T11:40:47.612494","level":"info","event":"\u001b[0m11:40:47  2 of 32 START sql view model STAGING.stg_food .................................. [RUN]","logger":"airflow.task.hooks.airflow.providers.standard.hooks.subprocess.SubprocessHook"}
{"timestamp":"2026-09-11T11:40:47.613736","level":"info","event":"\u001b[0m11:40:47  3 of 32 START sql view model STAGING.stg_menu .................................. [RUN]","logger":"airflow.task.hooks.airflow.providers.standard.hooks.subprocess.SubprocessHook"}
{"timestamp":"2026-09-11T11:40:47.615306","level":"info","event":"\u001b[0m11:40:47  4 of 32 START sql view model STAGING.stg_order_items ........................... [RUN]","logger":"airflow.task.hooks.airflow.providers.standard.hooks.subprocess.SubprocessHook"}
{"timestamp":"2026-09-11T11:40:47.616489","level":"info","event":"\u001b[0m11:40:47  5 of 32 START sql view model STAGING.stg_orders ................................ [RUN]","logger":"airflow.task.hooks.airflow.providers.standard.hooks.subprocess.SubprocessHook"}
{"timestamp":"2026-09-11T11:40:47.617249","level":"info","event":"\u001b[0m11:40:47  6 of 32 START sql view model STAGING.stg_restaurants ........................... [RUN]","logger":"airflow.task.hooks.airflow.providers.standard.hooks.subprocess.SubprocessHook"}
{"timestamp":"2026-09-11T11:40:47.618006","level":"info","event":"\u001b[0m11:40:47  7 of 32 START sql view model STAGING.stg_users ................................. [RUN]","logger":"airflow.task.hooks.airflow.providers.standard.hooks.subprocess.SubprocessHook"}
{"timestamp":"2026-09-11T11:40:49.456379","level":"info","event":"\u001b[0m11:40:49  1 of 32 OK created sql view model STAGING.dim_date ............................. [\u001b[32mSUCCESS 1\u001b[0m in 1.84s]","logger":"airflow.task.hooks.airflow.providers.standard.hooks.subprocess.SubprocessHook"}
{"timestamp":"2026-09-11T11:40:49.513075","level":"info","event":"\u001b[0m11:40:49  4 of 32 OK created sql view model STAGING.stg_order_items ...................... [\u001b[32mSUCCESS 1\u001b[0m in 1.89s]","logger":"airflow.task.hooks.airflow.providers.standard.hooks.subprocess.SubprocessHook"}
{"timestamp":"2026-09-11T11:40:49.515729","level":"info","event":"\u001b[0m11:40:49  8 of 32 START test not_null_stg_order_items_order_item_id ...................... [RUN]","logger":"airflow.task.hooks.airflow.providers.standard.hooks.subprocess.SubprocessHook"}
{"timestamp":"2026-09-11T11:40:49.516387","level":"info","event":"\u001b[0m11:40:49  9 of 32 START test unique_stg_order_items_order_item_id ........................ [RUN]","logger":"airflow.task.hooks.airflow.providers.standard.hooks.subprocess.SubprocessHook"}
{"timestamp":"2026-09-11T11:40:49.542044","level":"info","event":"\u001b[0m11:40:49  3 of 32 OK created sql view model STAGING.stg_menu ............................. [\u001b[32mSUCCESS 1\u001b[0m in 1.92s]","logger":"airflow.task.hooks.airflow.providers.standard.hooks.subprocess.SubprocessHook"}
{"timestamp":"2026-09-11T11:40:49.549247","level":"info","event":"\u001b[0m11:40:49  5 of 32 OK created sql view model STAGING.stg_orders ........................... [\u001b[32mSUCCESS 1\u001b[0m in 1.92s]","logger":"airflow.task.hooks.airflow.providers.standard.hooks.subprocess.SubprocessHook"}
{"timestamp":"2026-09-11T11:40:49.581969","level":"info","event":"\u001b[0m11:40:49  10 of 32 START test not_null_stg_orders_customer_id ............................ [RUN]","logger":"airflow.task.hooks.airflow.providers.standard.hooks.subprocess.SubprocessHook"}
{"timestamp":"2026-09-11T11:40:49.587448","level":"info","event":"\u001b[0m11:40:49  11 of 32 START test not_null_stg_orders_order_id ............................... [RUN]","logger":"airflow.task.hooks.airflow.providers.standard.hooks.subprocess.SubprocessHook"}
{"timestamp":"2026-09-11T11:40:49.588144","level":"info","event":"\u001b[0m11:40:49  12 of 32 START test not_null_stg_orders_restaurant_id .......................... [RUN]","logger":"airflow.task.hooks.airflow.providers.standard.hooks.subprocess.SubprocessHook"}
{"timestamp":"2026-09-11T11:40:49.592371","level":"info","event":"\u001b[0m11:40:49  2 of 32 OK created sql view model STAGING.stg_food ............................. [\u001b[32mSUCCESS 1\u001b[0m in 1.97s]","logger":"airflow.task.hooks.airflow.providers.standard.hooks.subprocess.SubprocessHook"}
{"timestamp":"2026-09-11T11:40:49.690367","level":"info","event":"\u001b[0m11:40:49  13 of 32 START test unique_stg_orders_order_id ................................. [RUN]","logger":"airflow.task.hooks.airflow.providers.standard.hooks.subprocess.SubprocessHook"}
{"timestamp":"2026-09-11T11:40:49.694549","level":"info","event":"\u001b[0m11:40:49  7 of 32 OK created sql view model STAGING.stg_users ............................ [\u001b[32mSUCCESS 1\u001b[0m in 2.06s]","logger":"airflow.task.hooks.airflow.providers.standard.hooks.subprocess.SubprocessHook"}
{"timestamp":"2026-09-11T11:40:49.696004","level":"info","event":"\u001b[0m11:40:49  6 of 32 OK created sql view model STAGING.stg_restaurants ...................... [\u001b[32mSUCCESS 1\u001b[0m in 2.07s]","logger":"airflow.task.hooks.airflow.providers.standard.hooks.subprocess.SubprocessHook"}
{"timestamp":"2026-09-11T11:40:49.744893","level":"info","event":"\u001b[0m11:40:49  14 of 32 START sql view model STAGING.dim_food ................................. [RUN]","logger":"airflow.task.hooks.airflow.providers.standard.hooks.subprocess.SubprocessHook"}
{"timestamp":"2026-09-11T11:40:49.753708","level":"info","event":"\u001b[0m11:40:49  15 of 32 START test not_null_stg_users_customer_id ............................. [RUN]","logger":"airflow.task.hooks.airflow.providers.standard.hooks.subprocess.SubprocessHook"}
{"timestamp":"2026-09-11T11:40:51.233314","level":"info","event":"\u001b[0m11:40:51  8 of 32 PASS not_null_stg_order_items_order_item_id ............................ [\u001b[32mPASS\u001b[0m in 1.72s]","logger":"airflow.task.hooks.airflow.providers.standard.hooks.subprocess.SubprocessHook"}
{"timestamp":"2026-09-11T11:40:51.235596","level":"info","event":"\u001b[0m11:40:51  16 of 32 START test unique_stg_users_customer_id ............................... [RUN]","logger":"airflow.task.hooks.airflow.providers.standard.hooks.subprocess.SubprocessHook"}
{"timestamp":"2026-09-11T11:40:51.341971","level":"info","event":"\u001b[0m11:40:51  10 of 32 PASS not_null_stg_orders_customer_id .................................. [\u001b[32mPASS\u001b[0m in 1.75s]","logger":"airflow.task.hooks.airflow.providers.standard.hooks.subprocess.SubprocessHook"}
{"timestamp":"2026-09-11T11:40:51.344827","level":"info","event":"\u001b[0m11:40:51  17 of 32 START test not_null_stg_restaurants_restaurant_id ..................... [RUN]","logger":"airflow.task.hooks.airflow.providers.standard.hooks.subprocess.SubprocessHook"}
{"timestamp":"2026-09-11T11:40:51.352844","level":"info","event":"\u001b[0m11:40:51  11 of 32 PASS not_null_stg_orders_order_id ..................................... [\u001b[32mPASS\u001b[0m in 1.76s]","logger":"airflow.task.hooks.airflow.providers.standard.hooks.subprocess.SubprocessHook"}
{"timestamp":"2026-09-11T11:40:51.355055","level":"info","event":"\u001b[0m11:40:51  18 of 32 START test unique_stg_restaurants_restaurant_id ....................... [RUN]","logger":"airflow.task.hooks.airflow.providers.standard.hooks.subprocess.SubprocessHook"}
{"timestamp":"2026-09-11T11:40:51.427035","level":"info","event":"\u001b[0m11:40:51  14 of 32 OK created sql view model STAGING.dim_food ............................ [\u001b[32mSUCCESS 1\u001b[0m in 1.67s]","logger":"airflow.task.hooks.airflow.providers.standard.hooks.subprocess.SubprocessHook"}
{"timestamp":"2026-09-11T11:40:51.430981","level":"info","event":"\u001b[0m11:40:51  12 of 32 PASS not_null_stg_orders_restaurant_id ................................ [\u001b[32mPASS\u001b[0m in 1.84s]","logger":"airflow.task.hooks.airflow.providers.standard.hooks.subprocess.SubprocessHook"}
{"timestamp":"2026-09-11T11:40:51.478986","level":"info","event":"\u001b[0m11:40:51  15 of 32 PASS not_null_stg_users_customer_id ................................... [\u001b[32mPASS\u001b[0m in 1.72s]","logger":"airflow.task.hooks.airflow.providers.standard.hooks.subprocess.SubprocessHook"}
{"timestamp":"2026-09-11T11:40:51.828549","level":"info","event":"\u001b[0m11:40:51  13 of 32 PASS unique_stg_orders_order_id ....................................... [\u001b[32mPASS\u001b[0m in 2.13s]","logger":"airflow.task.hooks.airflow.providers.standard.hooks.subprocess.SubprocessHook"}
{"timestamp":"2026-09-11T11:40:51.830910","level":"info","event":"\u001b[0m11:40:51  19 of 32 START sql incremental model STAGING.fct_orders ........................ [RUN]","logger":"airflow.task.hooks.airflow.providers.standard.hooks.subprocess.SubprocessHook"}
{"timestamp":"2026-09-11T11:40:51.927881","level":"info","event":"\u001b[0m11:40:51  9 of 32 PASS unique_stg_order_items_order_item_id .............................. [\u001b[32mPASS\u001b[0m in 2.41s]","logger":"airflow.task.hooks.airflow.providers.standard.hooks.subprocess.SubprocessHook"}
{"timestamp":"2026-09-11T11:40:51.930734","level":"info","event":"\u001b[0m11:40:51  20 of 32 START sql incremental model STAGING.fact_order_items .................. [RUN]","logger":"airflow.task.hooks.airflow.providers.standard.hooks.subprocess.SubprocessHook"}
{"timestamp":"2026-09-11T11:40:52.775973","level":"info","event":"\u001b[0m11:40:52  17 of 32 PASS not_null_stg_restaurants_restaurant_id ........................... [\u001b[32mPASS\u001b[0m in 1.43s]","logger":"airflow.task.hooks.airflow.providers.standard.hooks.subprocess.SubprocessHook"}
{"timestamp":"2026-09-11T11:40:52.779124","level":"info","event":"\u001b[0m11:40:52  16 of 32 PASS unique_stg_users_customer_id ..................................... [\u001b[32mPASS\u001b[0m in 1.54s]","logger":"airflow.task.hooks.airflow.providers.standard.hooks.subprocess.SubprocessHook"}
{"timestamp":"2026-09-11T11:40:52.781456","level":"info","event":"\u001b[0m11:40:52  21 of 32 START sql view model STAGING.dim_customer ............................. [RUN]","logger":"airflow.task.hooks.airflow.providers.standard.hooks.subprocess.SubprocessHook"}
{"timestamp":"2026-09-11T11:40:53.045851","level":"info","event":"\u001b[0m11:40:53  18 of 32 PASS unique_stg_restaurants_restaurant_id ............................. [\u001b[32mPASS\u001b[0m in 1.69s]","logger":"airflow.task.hooks.airflow.providers.standard.hooks.subprocess.SubprocessHook"}
{"timestamp":"2026-09-11T11:40:53.049023","level":"info","event":"\u001b[0m11:40:53  22 of 32 START sql view model STAGING.dim_restaurants .......................... [RUN]","logger":"airflow.task.hooks.airflow.providers.standard.hooks.subprocess.SubprocessHook"}
{"timestamp":"2026-09-11T11:40:53.049938","level":"info","event":"\u001b[0m11:40:53  23 of 32 START sql view model STAGING.stg_reviews .............................. [RUN]","logger":"airflow.task.hooks.airflow.providers.standard.hooks.subprocess.SubprocessHook"}
{"timestamp":"2026-09-11T11:40:54.253596","level":"info","event":"\u001b[0m11:40:54  21 of 32 OK created sql view model STAGING.dim_customer ........................ [\u001b[32mSUCCESS 1\u001b[0m in 1.47s]","logger":"airflow.task.hooks.airflow.providers.standard.hooks.subprocess.SubprocessHook"}
{"timestamp":"2026-09-11T11:40:54.605234","level":"info","event":"\u001b[0m11:40:54  22 of 32 OK created sql view model STAGING.dim_restaurants ..................... [\u001b[32mSUCCESS 1\u001b[0m in 1.55s]","logger":"airflow.task.hooks.airflow.providers.standard.hooks.subprocess.SubprocessHook"}
{"timestamp":"2026-09-11T11:40:54.694672","level":"info","event":"\u001b[0m11:40:54  23 of 32 OK created sql view model STAGING.stg_reviews ......................... [\u001b[32mSUCCESS 1\u001b[0m in 1.64s]","logger":"airflow.task.hooks.airflow.providers.standard.hooks.subprocess.SubprocessHook"}
{"timestamp":"2026-09-11T11:40:54.697337","level":"info","event":"\u001b[0m11:40:54  24 of 32 START test not_null_stg_reviews_review_id ............................. [RUN]","logger":"airflow.task.hooks.airflow.providers.standard.hooks.subprocess.SubprocessHook"}
{"timestamp":"2026-09-11T11:40:54.697935","level":"info","event":"\u001b[0m11:40:54  25 of 32 START test unique_stg_reviews_review_id ............................... [RUN]","logger":"airflow.task.hooks.airflow.providers.standard.hooks.subprocess.SubprocessHook"}
{"timestamp":"2026-09-11T11:40:55.781390","level":"info","event":"\u001b[0m11:40:55  19 of 32 OK created sql incremental model STAGING.fct_orders ................... [\u001b[32mSUCCESS 0\u001b[0m in 3.95s]","logger":"airflow.task.hooks.airflow.providers.standard.hooks.subprocess.SubprocessHook"}
{"timestamp":"2026-09-11T11:40:55.783962","level":"info","event":"\u001b[0m11:40:55  26 of 32 START test accepted_values_fct_orders_order_status__Delivered__Cancelled__Refunded  [RUN]","logger":"airflow.task.hooks.airflow.providers.standard.hooks.subprocess.SubprocessHook"}
{"timestamp":"2026-09-11T11:40:55.785123","level":"info","event":"\u001b[0m11:40:55  27 of 32 START test not_null_fct_orders_order_id ............................... [RUN]","logger":"airflow.task.hooks.airflow.providers.standard.hooks.subprocess.SubprocessHook"}
{"timestamp":"2026-09-11T11:40:55.785819","level":"info","event":"\u001b[0m11:40:55  28 of 32 START test relationships_fct_orders_customer_id__customer_id__ref_dim_customer_  [RUN]","logger":"airflow.task.hooks.airflow.providers.standard.hooks.subprocess.SubprocessHook"}
{"timestamp":"2026-09-11T11:40:55.786991","level":"info","event":"\u001b[0m11:40:55  29 of 32 START test unique_fct_orders_order_id ................................. [RUN]","logger":"airflow.task.hooks.airflow.providers.standard.hooks.subprocess.SubprocessHook"}
{"timestamp":"2026-09-11T11:40:56.428222","level":"info","event":"\u001b[0m11:40:56  24 of 32 PASS not_null_stg_reviews_review_id ................................... [\u001b[32mPASS\u001b[0m in 1.73s]","logger":"airflow.task.hooks.airflow.providers.standard.hooks.subprocess.SubprocessHook"}
{"timestamp":"2026-09-11T11:40:56.518471","level":"info","event":"\u001b[0m11:40:56  20 of 32 OK created sql incremental model STAGING.fact_order_items ............. [\u001b[32mSUCCESS 0\u001b[0m in 4.59s]","logger":"airflow.task.hooks.airflow.providers.standard.hooks.subprocess.SubprocessHook"}
{"timestamp":"2026-09-11T11:40:56.719410","level":"info","event":"\u001b[0m11:40:56  25 of 32 PASS unique_stg_reviews_review_id ..................................... [\u001b[32mPASS\u001b[0m in 2.02s]","logger":"airflow.task.hooks.airflow.providers.standard.hooks.subprocess.SubprocessHook"}
{"timestamp":"2026-09-11T11:40:57.453982","level":"info","event":"\u001b[0m11:40:57  29 of 32 PASS unique_fct_orders_order_id ....................................... [\u001b[32mPASS\u001b[0m in 1.66s]","logger":"airflow.task.hooks.airflow.providers.standard.hooks.subprocess.SubprocessHook"}
{"timestamp":"2026-09-11T11:40:57.845587","level":"info","event":"\u001b[0m11:40:57  28 of 32 PASS relationships_fct_orders_customer_id__customer_id__ref_dim_customer_  [\u001b[32mPASS\u001b[0m in 2.06s]","logger":"airflow.task.hooks.airflow.providers.standard.hooks.subprocess.SubprocessHook"}
{"timestamp":"2026-09-11T11:40:58.004836","level":"info","event":"\u001b[0m11:40:58  27 of 32 PASS not_null_fct_orders_order_id ..................................... [\u001b[32mPASS\u001b[0m in 2.22s]","logger":"airflow.task.hooks.airflow.providers.standard.hooks.subprocess.SubprocessHook"}
{"timestamp":"2026-09-11T11:40:58.005549","level":"info","event":"\u001b[0m11:40:58  26 of 32 PASS accepted_values_fct_orders_order_status__Delivered__Cancelled__Refunded  [\u001b[32mPASS\u001b[0m in 2.22s]","logger":"airflow.task.hooks.airflow.providers.standard.hooks.subprocess.SubprocessHook"}
{"timestamp":"2026-09-11T11:40:58.009940","level":"info","event":"\u001b[0m11:40:58  30 of 32 START sql view model STAGING.mart_daily_city_revenue .................. [RUN]","logger":"airflow.task.hooks.airflow.providers.standard.hooks.subprocess.SubprocessHook"}
{"timestamp":"2026-09-11T11:40:58.011025","level":"info","event":"\u001b[0m11:40:58  31 of 32 START sql view model STAGING.mart_delivery_sla ........................ [RUN]","logger":"airflow.task.hooks.airflow.providers.standard.hooks.subprocess.SubprocessHook"}
{"timestamp":"2026-09-11T11:40:58.011869","level":"info","event":"\u001b[0m11:40:58  32 of 32 START sql view model STAGING.mart_resturant_performance ............... [RUN]","logger":"airflow.task.hooks.airflow.providers.standard.hooks.subprocess.SubprocessHook"}
{"timestamp":"2026-09-11T11:40:59.742034","level":"info","event":"\u001b[0m11:40:59  30 of 32 OK created sql view model STAGING.mart_daily_city_revenue ............. [\u001b[32mSUCCESS 1\u001b[0m in 1.73s]","logger":"airflow.task.hooks.airflow.providers.standard.hooks.subprocess.SubprocessHook"}
{"timestamp":"2026-09-11T11:40:59.743071","level":"info","event":"\u001b[0m11:40:59  31 of 32 OK created sql view model STAGING.mart_delivery_sla ................... [\u001b[32mSUCCESS 1\u001b[0m in 1.73s]","logger":"airflow.task.hooks.airflow.providers.standard.hooks.subprocess.SubprocessHook"}
{"timestamp":"2026-09-11T11:40:59.845130","level":"info","event":"\u001b[0m11:40:59  32 of 32 OK created sql view model STAGING.mart_resturant_performance .......... [\u001b[32mSUCCESS 1\u001b[0m in 1.82s]","logger":"airflow.task.hooks.airflow.providers.standard.hooks.subprocess.SubprocessHook"}
{"timestamp":"2026-09-11T11:40:59.900394","level":"info","event":"\u001b[0m11:40:59","logger":"airflow.task.hooks.airflow.providers.standard.hooks.subprocess.SubprocessHook"}
{"timestamp":"2026-09-11T11:40:59.901497","level":"info","event":"\u001b[0m11:40:59  Finished running 2 incremental models, 16 data tests, 14 view models in 0 hours 0 minutes and 16.08 seconds (16.08s).","logger":"airflow.task.hooks.airflow.providers.standard.hooks.subprocess.SubprocessHook"}
{"timestamp":"2026-09-11T11:41:00.031803","level":"info","event":"\u001b[0m11:41:00","logger":"airflow.task.hooks.airflow.providers.standard.hooks.subprocess.SubprocessHook"}
{"timestamp":"2026-09-11T11:41:00.033090","level":"info","event":"\u001b[0m11:41:00  \u001b[32mCompleted successfully\u001b[0m","logger":"airflow.task.hooks.airflow.providers.standard.hooks.subprocess.SubprocessHook"}
{"timestamp":"2026-09-11T11:41:00.034121","level":"info","event":"\u001b[0m11:41:00","logger":"airflow.task.hooks.airflow.providers.standard.hooks.subprocess.SubprocessHook"}
{"timestamp":"2026-09-11T11:41:00.035137","level":"info","event":"\u001b[0m11:41:00  Done. PASS=32 WARN=0 ERROR=0 SKIP=0 NO-OP=0 REUSED=0 TOTAL=32","logger":"airflow.task.hooks.airflow.providers.standard.hooks.subprocess.SubprocessHook"}
{"timestamp":"2026-09-11T11:41:01.603381","level":"info","event":"Command exited with return code 0","logger":"airflow.task.hooks.airflow.providers.standard.hooks.subprocess.SubprocessHook"}
{"timestamp":"2026-09-11T11:41:01.605236","level":"info","event":"Pushing xcom","ti":"RuntimeTaskInstance(id=UUID('01a09044-d1ca-7895-ae62-a5307b8008e7'), task_id='dbt_build_core', dag_id='zomato_batch', run_id='manual__2026-09-11T11:40:24.354217+00:00', try_number=1, map_index=-1, hostname='d86885f155e5', context_carrier=None, task=<Task(BashOperator): dbt_build_core>, bundle_instance=LocalDagBundle(name=dags-folder), max_tries=0, start_date=datetime.datetime(2026, 9, 11, 11, 40, 39, 903257, tzinfo=datetime.timezone.utc), end_date=None, state=<TaskInstanceState.RUNNING: 'running'>, is_mapped=False, rendered_map_index=None, log_url='http://localhost:8080/dags/zomato_batch/runs/manual__2026-09-11T11%3A40%3A24.354217%2B00%3A00/tasks/dbt_build_core?try_number=1')","logger":"task"}
